pcirouting: BIOS workaround: PCI.0.1.3 at pin 1 link 96 irq 10 -> 9
 
TaijiOS PXE boot loader              

cpu0:  4304MHz AuthenticAMD AMD-K8 (cpuid: AX 0x60FB1 DX 0x78BFBFD)
ELCR: 0C00
intrenable: nil handler for 11, tbdf 0XC001800 for ether0
#l0: virtio: 1Gbps port 0xC000 irq 11: 525400123458
497M memory: 497M kernel data, 0M user, 18M swap
pxe on ether0 .
(10.0.2.2!69): /cfg/pxe/525400123458 .T... read 245 bytes
(10.0.2.2!69): /386/9pc .. 1127029+1075728+441552=2644309
entry: 0xf0100020

Plan 9
E820: 00000000 0009fc00 memory
E820: 0009fc00 000a0000 reserved
E820: 000f0000 00100000 reserved
E820: 00100000 3ffe0000 memory
E820: 3ffe0000 40000000 reserved
E820: fffc0000 100000000 reserved
E820: fd00000000 10000000000 reserved
cpu0:  4294MHz AuthenticAMD AMD-K8 (cpuid: AX 0x60FB1 DX 0x78BFBFD)
ELCR: 0C00
intrenable: nil handler for 11, tbdf 0xC001800 for ether0
#l0: virtio: 1Gbps port 0xC000 irq 11: 525400123458
1024M memory: 256M kernel data, 767M user, 1392M swap
lapicnmienable: no lapic
version...time...

init: starting /bin/rc
q9: gui ready
pcirouting: BIOS workaround: PCI.0.1.3 at pin 1 link 96 irq 10 -> 9
 
TaijiOS PXE boot loader              

cpu0:  4287MHz AuthenticAMD AMD-K8 (cpuid: AX 0x60FB1 DX 0x78BFBFD)
ELCR: 0C00
intrenable: nil handler for 11, tbdf 0XC001800 for ether0
#l0: virtio: 1Gbps port 0xC000 irq 11: 525400123458
497M memory: 497M kernel data, 0M user, 18M swap
pxe on ether0 .
(10.0.2.2!69): /cfg/pxe/525400123458 .T... read 245 bytes
(10.0.2.2!69): /386/9pc .. 1127029+1075728+441552=2644309
entry: 0xf0100020

Plan 9
E820: 00000000 0009fc00 memory
E820: 0009fc00 000a0000 reserved
E820: 000f0000 00100000 reserved
E820: 00100000 3ffe0000 memory
E820: 3ffe0000 40000000 reserved
E820: fffc0000 100000000 reserved
E820: fd00000000 10000000000 reserved
cpu0:  4317MHz AuthenticAMD AMD-K8 (cpuid: AX 0x60FB1 DX 0x78BFBFD)
ELCR: 0C00
intrenable: nil handler for 11, tbdf 0xC001800 for ether0
#l0: virtio: 1Gbps port 0xC000 irq 11: 525400123458
1024M memory: 256M kernel data, 767M user, 1392M swap
lapicnmienable: no lapic
version...time...

init: starting /bin/rc
q9: gui ready
cpu0: registers for rill 0
FLAGS=10006 TRAP=E ECODE=0 PC=F010A440 SS=0000 USP=0
  AX 00000010  BX 00000000  CX 00000010  DX 0000001B
  SI DFFEF714  DI DFFEF6E8  BP 00400350
  CS 0010  DS 0008  ES 0008  FS 001B  GS 001B
  CR0 80010031 CR2 0000003b CR3 10019000 CR4 000002d0
  MCA 00000000 MCT 00000000
  ur 0xf0373048 up 0xf0392400
dumpstack
ktrace /kernel/path f010a440 f037308c <<EOF
panic: page fault
panic: page fault
dumpstack
ktrace /kernel/path f010acfd f0372e68 <<EOF
lock 0xf0373638 loop key 0xdeaddead pc 0xf01045e0 held by pc 0x0 proc 4030267392
  0:      rill pc    a11bd dbgpc        0   Running (Running) ut 5094 st 89 bss 19b3000 qpc 0 nl 0 nd 27 lpc f01e3e60 pri 27
4030267392:     <nil> pc f01006b3 dbgpc 89f02f68      Dead (Dead) ut 0 st 0 bss 0 qpc f0104103 nl 27 nd 8 lpc cf08c483 pri 8
lock 0xf0373638 loop key 0xdeaddead pc 0xf01045e0 held by pc 0x0 proc 4030267392
  0:      rill pc    a11bd dbgpc        0   Running (Running) ut 5094 st 89 bss 19b3000 qpc 0 nl 0 nd 27 lpc f01e3e60 pri 27
4030267392:     <nil> pc f01006b3 dbgpc 89f02f68      Dead (Dead) ut 0 st 0 bss 0 qpc f0104103 nl 27 nd 8 lpc cf08c483 pri 8
lock 0xf0373638 loop key 0xdeaddead pc 0xf01045e0 held by pc 0x0 proc 4030267392
  0:      rill pc    a11bd dbgpc        0   Running (Running) ut 5094 st 89 bss 19b3000 qpc 0 nl 0 nd 27 lpc f01e3e60 pri 27
4030267392:     <nil> pc f01006b3 dbgpc 89f02f68      Dead (Dead) ut 0 st 0 bss 0 qpc f0104103 nl 27 nd 8 lpc cf08c483 pri 8
lock 0xf0373638 loop key 0xdeaddead pc 0xf01045e0 held by pc 0x0 proc 4030267392
  0:      rill pc    a11bd dbgpc        0   Running (Running) ut 5094 st 89 bss 19b3000 qpc 0 nl 0 nd 27 lpc f01e3e60 pri 27
4030267392:     <nil> pc f01006b3 dbgpc 89f02f68      Dead (Dead) ut 0 st 0 bss 0 qpc f0104103 nl 27 nd 8 lpc cf08c483 pri 8
lock 0xf0373638 loop key 0xdeaddead pc 0xf01045e0 held by pc 0x0 proc 4030267392
  0:      rill pc    a11bd dbgpc        0   Running (Running) ut 5094 st 89 bss 19b3000 qpc 0 nl 0 nd 27 lpc f01e3e60 pri 27
4030267392:     <nil> pc f01006b3 dbgpc 89f02f68      Dead (Dead) ut 0 st 0 bss 0 qpc f0104103 nl 27 nd 8 lpc cf08c483 pri 8
lock 0xf0373638 loop key 0xdeaddead pc 0xf01045e0 held by pc 0x0 proc 4030267392
  0:      rill pc    a11bd dbgpc        0   Running (Running) ut 5094 st 89 bss 19b3000 qpc 0 nl 0 nd 27 lpc f01e3e60 pri 27
4030267392:     <nil> pc f01006b3 dbgpc 89f02f68      Dead (Dead) ut 0 st 0 bss 0 qpc f0104103 nl 27 nd 8 lpc cf08c483 pri 8
lock 0xf0373638 loop key 0xdeaddead pc 0xf01045e0 held by pc 0x0 proc 4030267392
  0:      rill pc    a11bd dbgpc        0   Running (Running) ut 5094 st 89 bss 19b3000 qpc 0 nl 0 nd 27 lpc f01e3e60 pri 27
4030267392:     <nil> pc f01006b3 dbgpc 89f02f68      Dead (Dead) ut 0 st 0 bss 0 qpc f0104103 nl 27 nd 8 lpc cf08c483 pri 8
lock 0xf0373638 loop key 0xdeaddead pc 0xf01045e0 held by pc 0x0 proc 4030267392
  0:      rill pc    a11bd dbgpc        0   Running (Running) ut 5094 st 89 bss 19b3000 qpc 0 nl 0 nd 27 lpc f01e3e60 pri 27
4030267392:     <nil> pc f01006b3 dbgpc 89f02f68      Dead (Dead) ut 0 st 0 bss 0 qpc f0104103 nl 27 nd 8 lpc cf08c483 pri 8
lock 0xf0373638 loop key 0xdeaddead pc 0xf01045e0 held by pc 0x0 proc 4030267392
  0:      rill pc    a11bd dbgpc        0   Running (Running) ut 5094 st 89 bss 19b3000 qpc 0 nl 0 nd 27 lpc f01e3e60 pri 27
4030267392:     <nil> pc f01006b3 dbgpc 89f02f68      Dead (Dead) ut 0 st 0 bss 0 qpc f0104103 nl 27 nd 8 lpc cf08c483 pri 8
lock 0xf0373638 loop key 0xdeaddead pc 0xf01045e0 held by pc 0x0 proc 4030267392
  0:      rill pc    a11bd dbgpc        0   Running (Running) ut 5094 st 89 bss 19b3000 qpc 0 nl 0 nd 27 lpc f01e3e60 pri 27
4030267392:     <nil> pc f01006b3 dbgpc 89f02f68      Dead (Dead) ut 0 st 0 bss 0 qpc f0104103 nl 27 nd 8 lpc cf08c483 pri 8
lock 0xf0373638 loop key 0xdeaddead pc 0xf01045e0 held by pc 0x0 proc 4030267392
  0:      rill pc    a11bd dbgpc        0   Running (Running) ut 5094 st 89 bss 19b3000 qpc 0 nl 0 nd 27 lpc f01e3e60 pri 27
4030267392:     <nil> pc f01006b3 dbgpc 89f02f68      Dead (Dead) ut 0 st 0 bss 0 qpc f0104103 nl 27 nd 8 lpc cf08c483 pri 8
lock 0xf0373638 loop key 0xdeaddead pc 0xf01045e0 held by pc 0x0 proc 4030267392
  0:      rill pc    a11bd dbgpc        0   Running (Running) ut 5094 st 89 bss 19b3000 qpc 0 nl 0 nd 27 lpc f01e3e60 pri 27
4030267392:     <nil> pc f01006b3 dbgpc 89f02f68      Dead (Dead) ut 0 st 0 bss 0 qpc f0104103 nl 27 nd 8 lpc cf08c483 pri 8
lock 0xf0373638 loop key 0xdeaddead pc 0xf01045e0 held by pc 0x0 proc 4030267392
  0:      rill pc    a11bd dbgpc        0   Running (Running) ut 5094 st 89 bss 19b3000 qpc 0 nl 0 nd 27 lpc f01e3e60 pri 27
4030267392:     <nil> pc f01006b3 dbgpc 89f02f68      Dead (Dead) ut 0 st 0 bss 0 qpc f0104103 nl 27 nd 8 lpc cf08c483 pri 8
lock 0xf0373638 loop key 0xdeaddead pc 0xf01045e0 held by pc 0x0 proc 4030267392
  0:      rill pc    a11bd dbgpc        0   Running (Running) ut 5094 st 89 bss 19b3000 qpc 0 nl 0 nd 27 lpc f01e3e60 pri 27
4030267392:     <nil> pc f01006b3 dbgpc 89f02f68      Dead (Dead) ut 0 st 0 bss 0 qpc f0104103 nl 27 nd 8 lpc cf08c483 pri 8
lock 0xf0373638 loop key 0xdeaddead pc 0xf01045e0 held by pc 0x0 proc 4030267392
  0:      rill pc    a11bd dbgpc        0   Running (Running) ut 5094 st 89 bss 19b3000 qpc 0 nl 0 nd 27 lpc f01e3e60 pri 27
4030267392:     <nil> pc f01006b3 dbgpc 89f02f68      Dead (Dead) ut 0 st 0 bss 0 qpc f0104103 nl 27 nd 8 lpc cf08c483 pri 8
lock 0xf0373638 loop key 0xdeaddead pc 0xf01045e0 held by pc 0x0 proc 4030267392
  0:      rill pc    a11bd dbgpc        0   Running (Running) ut 5094 st 89 bss 19b3000 qpc 0 nl 0 nd 27 lpc f01e3e60 pri 27
4030267392:     <nil> pc f01006b3 dbgpc 89f02f68      Dead (Dead) ut 0 st 0 bss 0 qpc f0104103 nl 27 nd 8 lpc cf08c483 pri 8
lock 0xf0373638 loop key 0xdeaddead pc 0xf01045e0 held by pc 0x0 proc 4030267392
  0:      rill pc    a11bd dbgpc        0   Running (Running) ut 5094 st 89 bss 19b3000 qpc 0 nl 0 nd 27 lpc f01e3e60 pri 27
4030267392:     <nil> pc f01006b3 dbgpc 89f02f68      Dead (Dead) ut 0 st 0 bss 0 qpc f0104103 nl 27 nd 8 lpc cf08c483 pri 8
lock 0xf0373638 loop key 0xdeaddead pc 0xf01045e0 held by pc 0x0 proc 4030267392
  0:      rill pc    a11bd dbgpc        0   Running (Running) ut 5094 st 89 bss 19b3000 qpc 0 nl 0 nd 27 lpc f01e3e60 pri 27
4030267392:     <nil> pc f01006b3 dbgpc 89f02f68      Dead (Dead) ut 0 st 0 bss 0 qpc f0104103 nl 27 nd 8 lpc cf08c483 pri 8
lock 0xf0373638 loop key 0xdeaddead pc 0xf01045e0 held by pc 0x0 proc 4030267392
  0:      rill pc    a11bd dbgpc        0   Running (Running) ut 5094 st 89 bss 19b3000 qpc 0 nl 0 nd 27 lpc f01e3e60 pri 27
4030267392:     <nil> pc f01006b3 dbgpc 89f02f68      Dead (Dead) ut 0 st 0 bss 0 qpc f0104103 nl 27 nd 8 lpc cf08c483 pri 8
lock 0xf0373638 loop key 0xdeaddead pc 0xf01045e0 held by pc 0x0 proc 4030267392
  0:      rill pc    a11bd dbgpc        0   Running (Running) ut 5094 st 89 bss 19b3000 qpc 0 nl 0 nd 27 lpc f01e3e60 pri 27
4030267392:     <nil> pc f01006b3 dbgpc 89f02f68      Dead (Dead) ut 0 st 0 bss 0 qpc f0104103 nl 27 nd 8 lpc cf08c483 pri 8
lock 0xf0373638 loop key 0xdeaddead pc 0xf01045e0 held by pc 0x0 proc 4030267392
  0:      rill pc    a11bd dbgpc        0   Running (Running) ut 5094 st 89 bss 19b3000 qpc 0 nl 0 nd 27 lpc f01e3e60 pri 27
4030267392:     <nil> pc f01006b3 dbgpc 89f02f68      Dead (Dead) ut 0 st 0 bss 0 qpc f0104103 nl 27 nd 8 lpc cf08c483 pri 8
lock 0xf0373638 loop key 0xdeaddead pc 0xf01045e0 held by pc 0x0 proc 4030267392
  0:      rill pc    a11bd dbgpc        0   Running (Running) ut 5094 st 89 bss 19b3000 qpc 0 nl 0 nd 27 lpc f01e3e60 pri 27
4030267392:     <nil> pc f01006b3 dbgpc 89f02f68      Dead (Dead) ut 0 st 0 bss 0 qpc f0104103 nl 27 nd 8 lpc cf08c483 pri 8
lock 0xf0373638 loop key 0xdeaddead pc 0xf01045e0 held by pc 0x0 proc 4030267392
  0:      rill pc    a11bd dbgpc        0   Running (Running) ut 5094 st 89 bss 19b3000 qpc 0 nl 0 nd 27 lpc f01e3e60 pri 27
4030267392:     <nil> pc f01006b3 dbgpc 89f02f68      Dead (Dead) ut 0 st 0 bss 0 qpc f0104103 nl 27 nd 8 lpc cf08c483 pri 8
lock 0xf0373638 loop key 0xdeaddead pc 0xf01045e0 held by pc 0x0 proc 4030267392
  0:      rill pc    a11bd dbgpc        0   Running (Running) ut 5094 st 89 bss 19b3000 qpc 0 nl 0 nd 27 lpc f01e3e60 pri 27
4030267392:     <nil> pc f01006b3 dbgpc 89f02f68      Dead (Dead) ut 0 st 0 bss 0 qpc f0104103 nl 27 nd 8 lpc cf08c483 pri 8
lock 0xf0373638 loop key 0xdeaddead pc 0xf01045e0 held by pc 0x0 proc 4030267392
  0:      rill pc    a11bd dbgpc        0   Running (Running) ut 5094 st 89 bss 19b3000 qpc 0 nl 0 nd 27 lpc f01e3e60 pri 27
4030267392:     <nil> pc f01006b3 dbgpc 89f02f68      Dead (Dead) ut 0 st 0 bss 0 qpc f0104103 nl 27 nd 8 lpc cf08c483 pri 8
lock 0xf0373638 loop key 0xdeaddead pc 0xf01045e0 held by pc 0x0 proc 4030267392
  0:      rill pc    a11bd dbgpc        0   Running (Running) ut 5094 st 89 bss 19b3000 qpc 0 nl 0 nd 27 lpc f01e3e60 pri 27
4030267392:     <nil> pc f01006b3 dbgpc 89f02f68      Dead (Dead) ut 0 st 0 bss 0 qpc f0104103 nl 27 nd 8 lpc cf08c483 pri 8
lock 0xf0373638 loop key 0xdeaddead pc 0xf01045e0 held by pc 0x0 proc 4030267392
  0:      rill pc    a11bd dbgpc        0   Running (Running) ut 5094 st 89 bss 19b3000 qpc 0 nl 0 nd 27 lpc f01e3e60 pri 27
4030267392:     <nil> pc f01006b3 dbgpc 89f02f68      Dead (Dead) ut 0 st 0 bss 0 qpc f0104103 nl 27 nd 8 lpc cf08c483 pri 8
lock 0xf0373638 loop key 0xdeaddead pc 0xf01045e0 held by pc 0x0 proc 4030267392
  0:      rill pc    a11bd dbgpc        0   Running (Running) ut 5094 st 89 bss 19b3000 qpc 0 nl 0 nd 27 lpc f01e3e60 pri 27
4030267392:     <nil> pc f01006b3 dbgpc 89f02f68      Dead (Dead) ut 0 st 0 bss 0 qpc f0104103 nl 27 nd 8 lpc cf08c483 pri 8
lock 0xf0373638 loop key 0xdeaddead pc 0xf01045e0 held by pc 0x0 proc 4030267392
  0:      rill pc    a11bd dbgpc        0   Running (Running) ut 5094 st 89 bss 19b3000 qpc 0 nl 0 nd 27 lpc f01e3e60 pri 27
4030267392:     <nil> pc f01006b3 dbgpc 89f02f68      Dead (Dead) ut 0 st 0 bss 0 qpc f0104103 nl 27 nd 8 lpc cf08c483 pri 8
lock 0xf0373638 loop key 0xdeaddead pc 0xf01045e0 held by pc 0x0 proc 4030267392
  0:      rill pc    a11bd dbgpc        0   Running (Running) ut 5094 st 89 bss 19b3000 qpc 0 nl 0 nd 27 lpc f01e3e60 pri 27
4030267392:     <nil> pc f01006b3 dbgpc 89f02f68      Dead (Dead) ut 0 st 0 bss 0 qpc f0104103 nl 27 nd 8 lpc cf08c483 pri 8
lock 0xf0373638 loop key 0xdeaddead pc 0xf01045e0 held by pc 0x0 proc 4030267392
  0:      rill pc    a11bd dbgpc        0   Running (Running) ut 5094 st 89 bss 19b3000 qpc 0 nl 0 nd 27 lpc f01e3e60 pri 27
4030267392:     <nil> pc f01006b3 dbgpc 89f02f68      Dead (Dead) ut 0 st 0 bss 0 qpc f0104103 nl 27 nd 8 lpc cf08c483 pri 8
lock 0xf0373638 loop key 0xdeaddead pc 0xf01045e0 held by pc 0x0 proc 4030267392
  0:      rill pc    a11bd dbgpc        0   Running (Running) ut 5094 st 89 bss 19b3000 qpc 0 nl 0 nd 27 lpc f01e3e60 pri 27
4030267392:     <nil> pc f01006b3 dbgpc 89f02f68      Dead (Dead) ut 0 st 0 bss 0 qpc f0104103 nl 27 nd 8 lpc cf08c483 pri 8
lock 0xf0373638 loop key 0xdeaddead pc 0xf01045e0 held by pc 0x0 proc 4030267392
  0:      rill pc    a11bd dbgpc        0   Running (Running) ut 5094 st 89 bss 19b3000 qpc 0 nl 0 nd 27 lpc f01e3e60 pri 27
4030267392:     <nil> pc f01006b3 dbgpc 89f02f68      Dead (Dead) ut 0 st 0 bss 0 qpc f0104103 nl 27 nd 8 lpc cf08c483 pri 8
lock 0xf0373638 loop key 0xdeaddead pc 0xf01045e0 held by pc 0x0 proc 4030267392
  0:      rill pc    a11bd dbgpc        0   Running (Running) ut 5094 st 89 bss 19b3000 qpc 0 nl 0 nd 27 lpc f01e3e60 pri 27
4030267392:     <nil> pc f01006b3 dbgpc 89f02f68      Dead (Dead) ut 0 st 0 bss 0 qpc f0104103 nl 27 nd 8 lpc cf08c483 pri 8
lock 0xf0373638 loop key 0xdeaddead pc 0xf01045e0 held by pc 0x0 proc 4030267392
  0:      rill pc    a11bd dbgpc        0   Running (Running) ut 5094 st 89 bss 19b3000 qpc 0 nl 0 nd 27 lpc f01e3e60 pri 27
4030267392:     <nil> pc f01006b3 dbgpc 89f02f68      Dead (Dead) ut 0 st 0 bss 0 qpc f0104103 nl 27 nd 8 lpc cf08c483 pri 8
lock 0xf0373638 loop key 0xdeaddead pc 0xf01045e0 held by pc 0x0 proc 4030267392
  0:      rill pc    a11bd dbgpc        0   Running (Running) ut 5094 st 89 bss 19b3000 qpc 0 nl 0 nd 27 lpc f01e3e60 pri 27
4030267392:     <nil> pc f01006b3 dbgpc 89f02f68      Dead (Dead) ut 0 st 0 bss 0 qpc f0104103 nl 27 nd 8 lpc cf08c483 pri 8
lock 0xf0373638 loop key 0xdeaddead pc 0xf01045e0 held by pc 0x0 proc 4030267392
  0:      rill pc    a11bd dbgpc        0   Running (Running) ut 5094 st 89 bss 19b3000 qpc 0 nl 0 nd 27 lpc f01e3e60 pri 27
4030267392:     <nil> pc f01006b3 dbgpc 89f02f68      Dead (Dead) ut 0 st 0 bss 0 qpc f0104103 nl 27 nd 8 lpc cf08c483 pri 8
lock 0xf0373638 loop key 0xdeaddead pc 0xf01045e0 held by pc 0x0 proc 4030267392
  0:      rill pc    a11bd dbgpc        0   Running (Running) ut 5094 st 89 bss 19b3000 qpc 0 nl 0 nd 27 lpc f01e3e60 pri 27
4030267392:     <nil> pc f01006b3 dbgpc 89f02f68      Dead (Dead) ut 0 st 0 bss 0 qpc f0104103 nl 27 nd 8 lpc cf08c483 pri 8
lock 0xf0373638 loop key 0xdeaddead pc 0xf01045e0 held by pc 0x0 proc 4030267392
  0:      rill pc    a11bd dbgpc        0   Running (Running) ut 5094 st 89 bss 19b3000 qpc 0 nl 0 nd 27 lpc f01e3e60 pri 27
4030267392:     <nil> pc f01006b3 dbgpc 89f02f68      Dead (Dead) ut 0 st 0 bss 0 qpc f0104103 nl 27 nd 8 lpc cf08c483 pri 8
lock 0xf0373638 loop key 0xdeaddead pc 0xf01045e0 held by pc 0x0 proc 4030267392
  0:      rill pc    a11bd dbgpc        0   Running (Running) ut 5094 st 89 bss 19b3000 qpc 0 nl 0 nd 27 lpc f01e3e60 pri 27
4030267392:     <nil> pc f01006b3 dbgpc 89f02f68      Dead (Dead) ut 0 st 0 bss 0 qpc f0104103 nl 27 nd 8 lpc cf08c483 pri 8
lock 0xf0373638 loop key 0xdeaddead pc 0xf01045e0 held by pc 0x0 proc 4030267392
  0:      rill pc    a11bd dbgpc        0   Running (Running) ut 5094 st 89 bss 19b3000 qpc 0 nl 0 nd 27 lpc f01e3e60 pri 27
4030267392:     <nil> pc f01006b3 dbgpc 89f02f68      Dead (Dead) ut 0 st 0 bss 0 qpc f0104103 nl 27 nd 8 lpc cf08c483 pri 8
lock 0xf0373638 loop key 0xdeaddead pc 0xf01045e0 held by pc 0x0 proc 4030267392
  0:      rill pc    a11bd dbgpc        0   Running (Running) ut 5094 st 89 bss 19b3000 qpc 0 nl 0 nd 27 lpc f01e3e60 pri 27
4030267392:     <nil> pc f01006b3 dbgpc 89f02f68      Dead (Dead) ut 0 st 0 bss 0 qpc f0104103 nl 27 nd 8 lpc cf08c483 pri 8
lock 0xf0373638 loop key 0xdeaddead pc 0xf01045e0 held by pc 0x0 proc 4030267392
  0:      rill pc    a11bd dbgpc        0   Running (Running) ut 5094 st 89 bss 19b3000 qpc 0 nl 0 nd 27 lpc f01e3e60 pri 27
4030267392:     <nil> pc f01006b3 dbgpc 89f02f68      Dead (Dead) ut 0 st 0 bss 0 qpc f0104103 nl 27 nd 8 lpc cf08c483 pri 8
lock 0xf0373638 loop key 0xdeaddead pc 0xf01045e0 held by pc 0x0 proc 4030267392
  0:      rill pc    a11bd dbgpc        0   Running (Running) ut 5094 st 89 bss 19b3000 qpc 0 nl 0 nd 27 lpc f01e3e60 pri 27
4030267392:     <nil> pc f01006b3 dbgpc 89f02f68      Dead (Dead) ut 0 st 0 bss 0 qpc f0104103 nl 27 nd 8 lpc cf08c483 pri 8
lock 0xf0373638 loop key 0xdeaddead pc 0xf01045e0 held by pc 0x0 proc 4030267392
  0:      rill pc    a11bd dbgpc        0   Running (Running) ut 5094 st 89 bss 19b3000 qpc 0 nl 0 nd 27 lpc f01e3e60 pri 27
4030267392:     <nil> pc f01006b3 dbgpc 89f02f68      Dead (Dead) ut 0 st 0 bss 0 qpc f0104103 nl 27 nd 8 lpc cf08c483 pri 8
lock 0xf0373638 loop key 0xdeaddead pc 0xf01045e0 held by pc 0x0 proc 4030267392
  0:      rill pc    a11bd dbgpc        0   Running (Running) ut 5094 st 89 bss 19b3000 qpc 0 nl 0 nd 27 lpc f01e3e60 pri 27
4030267392:     <nil> pc f01006b3 dbgpc 89f02f68      Dead (Dead) ut 0 st 0 bss 0 qpc f0104103 nl 27 nd 8 lpc cf08c483 pri 8
lock 0xf0373638 loop key 0xdeaddead pc 0xf01045e0 held by pc 0x0 proc 4030267392
  0:      rill pc    a11bd dbgpc        0   Running (Running) ut 5094 st 89 bss 19b3000 qpc 0 nl 0 nd 27 lpc f01e3e60 pri 27
4030267392:     <nil> pc f01006b3 dbgpc 89f02f68      Dead (Dead) ut 0 st 0 bss 0 qpc f0104103 nl 27 nd 8 lpc cf08c483 pri 8
lock 0xf0373638 loop key 0xdeaddead pc 0xf01045e0 held by pc 0x0 proc 4030267392
  0:      rill pc    a11bd dbgpc        0   Running (Running) ut 5094 st 89 bss 19b3000 qpc 0 nl 0 nd 27 lpc f01e3e60 pri 27
4030267392:     <nil> pc f01006b3 dbgpc 89f02f68      Dead (Dead) ut 0 st 0 bss 0 qpc f0104103 nl 27 nd 8 lpc cf08c483 pri 8
lock 0xf0373638 loop key 0xdeaddead pc 0xf01045e0 held by pc 0x0 proc 4030267392
  0:      rill pc    a11bd dbgpc        0   Running (Running) ut 5094 st 89 bss 19b3000 qpc 0 nl 0 nd 27 lpc f01e3e60 pri 27
4030267392:     <nil> pc f01006b3 dbgpc 89f02f68      Dead (Dead) ut 0 st 0 bss 0 qpc f0104103 nl 27 nd 8 lpc cf08c483 pri 8
lock 0xf0373638 loop key 0xdeaddead pc 0xf01045e0 held by pc 0x0 proc 4030267392
  0:      rill pc    a11bd dbgpc        0   Running (Running) ut 5094 st 89 bss 19b3000 qpc 0 nl 0 nd 27 lpc f01e3e60 pri 27
4030267392:     <nil> pc f01006b3 dbgpc 89f02f68      Dead (Dead) ut 0 st 0 bss 0 qpc f0104103 nl 27 nd 8 lpc cf08c483 pri 8
lock 0xf0373638 loop key 0xdeaddead pc 0xf01045e0 held by pc 0x0 proc 4030267392
  0:      rill pc    a11bd dbgpc        0   Running (Running) ut 5094 st 89 bss 19b3000 qpc 0 nl 0 nd 27 lpc f01e3e60 pri 27
4030267392:     <nil> pc f01006b3 dbgpc 89f02f68      Dead (Dead) ut 0 st 0 bss 0 qpc f0104103 nl 27 nd 8 lpc cf08c483 pri 8
lock 0xf0373638 loop key 0xdeaddead pc 0xf01045e0 held by pc 0x0 proc 4030267392
  0:      rill pc    a11bd dbgpc        0   Running (Running) ut 5094 st 89 bss 19b3000 qpc 0 nl 0 nd 27 lpc f01e3e60 pri 27
4030267392:     <nil> pc f01006b3 dbgpc 89f02f68      Dead (Dead) ut 0 st 0 bss 0 qpc f0104103 nl 27 nd 8 lpc cf08c483 pri 8
lock 0xf0373638 loop key 0xdeaddead pc 0xf01045e0 held by pc 0x0 proc 4030267392
  0:      rill pc    a11bd dbgpc        0   Running (Running) ut 5094 st 89 bss 19b3000 qpc 0 nl 0 nd 27 lpc f01e3e60 pri 27
4030267392:     <nil> pc f01006b3 dbgpc 89f02f68      Dead (Dead) ut 0 st 0 bss 0 qpc f0104103 nl 27 nd 8 lpc cf08c483 pri 8
lock 0xf0373638 loop key 0xdeaddead pc 0xf01045e0 held by pc 0x0 proc 4030267392
  0:      rill pc    a11bd dbgpc        0   Running (Running) ut 5094 st 89 bss 19b3000 qpc 0 nl 0 nd 27 lpc f01e3e60 pri 27
4030267392:     <nil> pc f01006b3 dbgpc 89f02f68      Dead (Dead) ut 0 st 0 bss 0 qpc f0104103 nl 27 nd 8 lpc cf08c483 pri 8
lock 0xf0373638 loop key 0xdeaddead pc 0xf01045e0 held by pc 0x0 proc 4030267392
  0:      rill pc    a11bd dbgpc        0   Running (Running) ut 5094 st 89 bss 19b3000 qpc 0 nl 0 nd 27 lpc f01e3e60 pri 27
4030267392:     <nil> pc f01006b3 dbgpc 89f02f68      Dead (Dead) ut 0 st 0 bss 0 qpc f0104103 nl 27 nd 8 lpc cf08c483 pri 8
lock 0xf0373638 loop key 0xdeaddead pc 0xf01045e0 held by pc 0x0 proc 4030267392
  0:      rill pc    a11bd dbgpc        0   Running (Running) ut 5094 st 89 bss 19b3000 qpc 0 nl 0 nd 27 lpc f01e3e60 pri 27
4030267392:     <nil> pc f01006b3 dbgpc 89f02f68      Dead (Dead) ut 0 st 0 bss 0 qpc f0104103 nl 27 nd 8 lpc cf08c483 pri 8
lock 0xf0373638 loop key 0xdeaddead pc 0xf01045e0 held by pc 0x0 proc 4030267392
  0:      rill pc    a11bd dbgpc        0   Running (Running) ut 5094 st 89 bss 19b3000 qpc 0 nl 0 nd 27 lpc f01e3e60 pri 27
4030267392:     <nil> pc f01006b3 dbgpc 89f02f68      Dead (Dead) ut 0 st 0 bss 0 qpc f0104103 nl 27 nd 8 lpc cf08c483 pri 8
lock 0xf0373638 loop key 0xdeaddead pc 0xf01045e0 held by pc 0x0 proc 4030267392
  0:      rill pc    a11bd dbgpc        0   Running (Running) ut 5094 st 89 bss 19b3000 qpc 0 nl 0 nd 27 lpc f01e3e60 pri 27
4030267392:     <nil> pc f01006b3 dbgpc 89f02f68      Dead (Dead) ut 0 st 0 bss 0 qpc f0104103 nl 27 nd 8 lpc cf08c483 pri 8
lock 0xf0373638 loop key 0xdeaddead pc 0xf01045e0 held by pc 0x0 proc 4030267392
  0:      rill pc    a11bd dbgpc        0   Running (Running) ut 5094 st 89 bss 19b3000 qpc 0 nl 0 nd 27 lpc f01e3e60 pri 27
4030267392:     <nil> pc f01006b3 dbgpc 89f02f68      Dead (Dead) ut 0 st 0 bss 0 qpc f0104103 nl 27 nd 8 lpc cf08c483 pri 8
lock 0xf0373638 loop key 0xdeaddead pc 0xf01045e0 held by pc 0x0 proc 4030267392
  0:      rill pc    a11bd dbgpc        0   Running (Running) ut 5094 st 89 bss 19b3000 qpc 0 nl 0 nd 27 lpc f01e3e60 pri 27
4030267392:     <nil> pc f01006b3 dbgpc 89f02f68      Dead (Dead) ut 0 st 0 bss 0 qpc f0104103 nl 27 nd 8 lpc cf08c483 pri 8
lock 0xf0373638 loop key 0xdeaddead pc 0xf01045e0 held by pc 0x0 proc 4030267392
  0:      rill pc    a11bd dbgpc        0   Running (Running) ut 5094 st 89 bss 19b3000 qpc 0 nl 0 nd 27 lpc f01e3e60 pri 27
4030267392:     <nil> pc f01006b3 dbgpc 89f02f68      Dead (Dead) ut 0 st 0 bss 0 qpc f0104103 nl 27 nd 8 lpc cf08c483 pri 8
lock 0xf0373638 loop key 0xdeaddead pc 0xf01045e0 held by pc 0x0 proc 4030267392
  0:      rill pc    a11bd dbgpc        0   Running (Running) ut 5094 st 89 bss 19b3000 qpc 0 nl 0 nd 27 lpc f01e3e60 pri 27
4030267392:     <nil> pc f01006b3 dbgpc 89f02f68      Dead (Dead) ut 0 st 0 bss 0 qpc f0104103 nl 27 nd 8 lpc cf08c483 pri 8
lock 0xf0373638 loop key 0xdeaddead pc 0xf01045e0 held by pc 0x0 proc 4030267392
  0:      rill pc    a11bd dbgpc        0   Running (Running) ut 5094 st 89 bss 19b3000 qpc 0 nl 0 nd 27 lpc f01e3e60 pri 27
4030267392:     <nil> pc f01006b3 dbgpc 89f02f68      Dead (Dead) ut 0 st 0 bss 0 qpc f0104103 nl 27 nd 8 lpc cf08c483 pri 8
lock 0xf0373638 loop key 0xdeaddead pc 0xf01045e0 held by pc 0x0 proc 4030267392
  0:      rill pc    a11bd dbgpc        0   Running (Running) ut 5094 st 89 bss 19b3000 qpc 0 nl 0 nd 27 lpc f01e3e60 pri 27
4030267392:     <nil> pc f01006b3 dbgpc 89f02f68      Dead (Dead) ut 0 st 0 bss 0 qpc f0104103 nl 27 nd 8 lpc cf08c483 pri 8
lock 0xf0373638 loop key 0xdeaddead pc 0xf01045e0 held by pc 0x0 proc 4030267392
  0:      rill pc    a11bd dbgpc        0   Running (Running) ut 5094 st 89 bss 19b3000 qpc 0 nl 0 nd 27 lpc f01e3e60 pri 27
4030267392:     <nil> pc f01006b3 dbgpc 89f02f68      Dead (Dead) ut 0 st 0 bss 0 qpc f0104103 nl 27 nd 8 lpc cf08c483 pri 8
lock 0xf0373638 loop key 0xdeaddead pc 0xf01045e0 held by pc 0x0 proc 4030267392
  0:      rill pc    a11bd dbgpc        0   Running (Running) ut 5094 st 89 bss 19b3000 qpc 0 nl 0 nd 27 lpc f01e3e60 pri 27
4030267392:     <nil> pc f01006b3 dbgpc 89f02f68      Dead (Dead) ut 0 st 0 bss 0 qpc f0104103 nl 27 nd 8 lpc cf08c483 pri 8
lock 0xf0373638 loop key 0xdeaddead pc 0xf01045e0 held by pc 0x0 proc 4030267392
  0:      rill pc    a11bd dbgpc        0   Running (Running) ut 5094 st 89 bss 19b3000 qpc 0 nl 0 nd 27 lpc f01e3e60 pri 27
4030267392:     <nil> pc f01006b3 dbgpc 89f02f68      Dead (Dead) ut 0 st 0 bss 0 qpc f0104103 nl 27 nd 8 lpc cf08c483 pri 8
lock 0xf0373638 loop key 0xdeaddead pc 0xf01045e0 held by pc 0x0 proc 4030267392
  0:      rill pc    a11bd dbgpc        0   Running (Running) ut 5094 st 89 bss 19b3000 qpc 0 nl 0 nd 27 lpc f01e3e60 pri 27
4030267392:     <nil> pc f01006b3 dbgpc 89f02f68      Dead (Dead) ut 0 st 0 bss 0 qpc f0104103 nl 27 nd 8 lpc cf08c483 pri 8
lock 0xf0373638 loop key 0xdeaddead pc 0xf01045e0 held by pc 0x0 proc 4030267392
  0:      rill pc    a11bd dbgpc        0   Running (Running) ut 5094 st 89 bss 19b3000 qpc 0 nl 0 nd 27 lpc f01e3e60 pri 27
4030267392:     <nil> pc f01006b3 dbgpc 89f02f68      Dead (Dead) ut 0 st 0 bss 0 qpc f0104103 nl 27 nd 8 lpc cf08c483 pri 8
lock 0xf0373638 loop key 0xdeaddead pc 0xf01045e0 held by pc 0x0 proc 4030267392
  0:      rill pc    a11bd dbgpc        0   Running (Running) ut 5094 st 89 bss 19b3000 qpc 0 nl 0 nd 27 lpc f01e3e60 pri 27
4030267392:     <nil> pc f01006b3 dbgpc 89f02f68      Dead (Dead) ut 0 st 0 bss 0 qpc f0104103 nl 27 nd 8 lpc cf08c483 pri 8
lock 0xf0373638 loop key 0xdeaddead pc 0xf01045e0 held by pc 0x0 proc 4030267392
  0:      rill pc    a11bd dbgpc        0   Running (Running) ut 5094 st 89 bss 19b3000 qpc 0 nl 0 nd 27 lpc f01e3e60 pri 27
4030267392:     <nil> pc f01006b3 dbgpc 89f02f68      Dead (Dead) ut 0 st 0 bss 0 qpc f0104103 nl 27 nd 8 lpc cf08c483 pri 8
lock 0xf0373638 loop key 0xdeaddead pc 0xf01045e0 held by pc 0x0 proc 4030267392
  0:      rill pc    a11bd dbgpc        0   Running (Running) ut 5094 st 89 bss 19b3000 qpc 0 nl 0 nd 27 lpc f01e3e60 pri 27
4030267392:     <nil> pc f01006b3 dbgpc 89f02f68      Dead (Dead) ut 0 st 0 bss 0 qpc f0104103 nl 27 nd 8 lpc cf08c483 pri 8
lock 0xf0373638 loop key 0xdeaddead pc 0xf01045e0 held by pc 0x0 proc 4030267392
  0:      rill pc    a11bd dbgpc        0   Running (Running) ut 5094 st 89 bss 19b3000 qpc 0 nl 0 nd 27 lpc f01e3e60 pri 27
4030267392:     <nil> pc f01006b3 dbgpc 89f02f68      Dead (Dead) ut 0 st 0 bss 0 qpc f0104103 nl 27 nd 8 lpc cf08c483 pri 8
lock 0xf0373638 loop key 0xdeaddead pc 0xf01045e0 held by pc 0x0 proc 4030267392
  0:      rill pc    a11bd dbgpc        0   Running (Running) ut 5094 st 89 bss 19b3000 qpc 0 nl 0 nd 27 lpc f01e3e60 pri 27
4030267392:     <nil> pc f01006b3 dbgpc 89f02f68      Dead (Dead) ut 0 st 0 bss 0 qpc f0104103 nl 27 nd 8 lpc cf08c483 pri 8
lock 0xf0373638 loop key 0xdeaddead pc 0xf01045e0 held by pc 0x0 proc 4030267392
  0:      rill pc    a11bd dbgpc        0   Running (Running) ut 5094 st 89 bss 19b3000 qpc 0 nl 0 nd 27 lpc f01e3e60 pri 27
4030267392:     <nil> pc f01006b3 dbgpc 89f02f68      Dead (Dead) ut 0 st 0 bss 0 qpc f0104103 nl 27 nd 8 lpc cf08c483 pri 8
lock 0xf0373638 loop key 0xdeaddead pc 0xf01045e0 held by pc 0x0 proc 4030267392
  0:      rill pc    a11bd dbgpc        0   Running (Running) ut 5094 st 89 bss 19b3000 qpc 0 nl 0 nd 27 lpc f01e3e60 pri 27
4030267392:     <nil> pc f01006b3 dbgpc 89f02f68      Dead (Dead) ut 0 st 0 bss 0 qpc f0104103 nl 27 nd 8 lpc cf08c483 pri 8
lock 0xf0373638 loop key 0xdeaddead pc 0xf01045e0 held by pc 0x0 proc 4030267392
  0:      rill pc    a11bd dbgpc        0   Running (Running) ut 5094 st 89 bss 19b3000 qpc 0 nl 0 nd 27 lpc f01e3e60 pri 27
4030267392:     <nil> pc f01006b3 dbgpc 89f02f68      Dead (Dead) ut 0 st 0 bss 0 qpc f0104103 nl 27 nd 8 lpc cf08c483 pri 8
lock 0xf0373638 loop key 0xdeaddead pc 0xf01045e0 held by pc 0x0 proc 4030267392
  0:      rill pc    a11bd dbgpc        0   Running (Running) ut 5094 st 89 bss 19b3000 qpc 0 nl 0 nd 27 lpc f01e3e60 pri 27
4030267392:     <nil> pc f01006b3 dbgpc 89f02f68      Dead (Dead) ut 0 st 0 bss 0 qpc f0104103 nl 27 nd 8 lpc cf08c483 pri 8
lock 0xf0373638 loop key 0xdeaddead pc 0xf01045e0 held by pc 0x0 proc 4030267392
  0:      rill pc    a11bd dbgpc        0   Running (Running) ut 5094 st 89 bss 19b3000 qpc 0 nl 0 nd 27 lpc f01e3e60 pri 27
4030267392:     <nil> pc f01006b3 dbgpc 89f02f68      Dead (Dead) ut 0 st 0 bss 0 qpc f0104103 nl 27 nd 8 lpc cf08c483 pri 8
lock 0xf0373638 loop key 0xdeaddead pc 0xf01045e0 held by pc 0x0 proc 4030267392
  0:      rill pc    a11bd dbgpc        0   Running (Running) ut 5094 st 89 bss 19b3000 qpc 0 nl 0 nd 27 lpc f01e3e60 pri 27
4030267392:     <nil> pc f01006b3 dbgpc 89f02f68      Dead (Dead) ut 0 st 0 bss 0 qpc f0104103 nl 27 nd 8 lpc cf08c483 pri 8
lock 0xf0373638 loop key 0xdeaddead pc 0xf01045e0 held by pc 0x0 proc 4030267392
  0:      rill pc    a11bd dbgpc        0   Running (Running) ut 5094 st 89 bss 19b3000 qpc 0 nl 0 nd 27 lpc f01e3e60 pri 27
4030267392:     <nil> pc f01006b3 dbgpc 89f02f68      Dead (Dead) ut 0 st 0 bss 0 qpc f0104103 nl 27 nd 8 lpc cf08c483 pri 8
lock 0xf0373638 loop key 0xdeaddead pc 0xf01045e0 held by pc 0x0 proc 4030267392
  0:      rill pc    a11bd dbgpc        0   Running (Running) ut 5094 st 89 bss 19b3000 qpc 0 nl 0 nd 27 lpc f01e3e60 pri 27
4030267392:     <nil> pc f01006b3 dbgpc 89f02f68      Dead (Dead) ut 0 st 0 bss 0 qpc f0104103 nl 27 nd 8 lpc cf08c483 pri 8
lock 0xf0373638 loop key 0xdeaddead pc 0xf01045e0 held by pc 0x0 proc 4030267392
  0:      rill pc    a11bd dbgpc        0   Running (Running) ut 5094 st 89 bss 19b3000 qpc 0 nl 0 nd 27 lpc f01e3e60 pri 27
4030267392:     <nil> pc f01006b3 dbgpc 89f02f68      Dead (Dead) ut 0 st 0 bss 0 qpc f0104103 nl 27 nd 8 lpc cf08c483 pri 8
lock 0xf0373638 loop key 0xdeaddead pc 0xf01045e0 held by pc 0x0 proc 4030267392
  0:      rill pc    a11bd dbgpc        0   Running (Running) ut 5094 st 89 bss 19b3000 qpc 0 nl 0 nd 27 lpc f01e3e60 pri 27
4030267392:     <nil> pc f01006b3 dbgpc 89f02f68      Dead (Dead) ut 0 st 0 bss 0 qpc f0104103 nl 27 nd 8 lpc cf08c483 pri 8
lock 0xf0373638 loop key 0xdeaddead pc 0xf01045e0 held by pc 0x0 proc 4030267392
  0:      rill pc    a11bd dbgpc        0   Running (Running) ut 5094 st 89 bss 19b3000 qpc 0 nl 0 nd 27 lpc f01e3e60 pri 27
4030267392:     <nil> pc f01006b3 dbgpc 89f02f68      Dead (Dead) ut 0 st 0 bss 0 qpc f0104103 nl 27 nd 8 lpc cf08c483 pri 8
lock 0xf0373638 loop key 0xdeaddead pc 0xf01045e0 held by pc 0x0 proc 4030267392
  0:      rill pc    a11bd dbgpc        0   Running (Running) ut 5094 st 89 bss 19b3000 qpc 0 nl 0 nd 27 lpc f01e3e60 pri 27
4030267392:     <nil> pc f01006b3 dbgpc 89f02f68      Dead (Dead) ut 0 st 0 bss 0 qpc f0104103 nl 27 nd 8 lpc cf08c483 pri 8
lock 0xf0373638 loop key 0xdeaddead pc 0xf01045e0 held by pc 0x0 proc 4030267392
  0:      rill pc    a11bd dbgpc        0   Running (Running) ut 5094 st 89 bss 19b3000 qpc 0 nl 0 nd 27 lpc f01e3e60 pri 27
4030267392:     <nil> pc f01006b3 dbgpc 89f02f68      Dead (Dead) ut 0 st 0 bss 0 qpc f0104103 nl 27 nd 8 lpc cf08c483 pri 8
lock 0xf0373638 loop key 0xdeaddead pc 0xf01045e0 held by pc 0x0 proc 4030267392
  0:      rill pc    a11bd dbgpc        0   Running (Running) ut 5094 st 89 bss 19b3000 qpc 0 nl 0 nd 27 lpc f01e3e60 pri 27
4030267392:     <nil> pc f01006b3 dbgpc 89f02f68      Dead (Dead) ut 0 st 0 bss 0 qpc f0104103 nl 27 nd 8 lpc cf08c483 pri 8
lock 0xf0373638 loop key 0xdeaddead pc 0xf01045e0 held by pc 0x0 proc 4030267392
  0:      rill pc    a11bd dbgpc        0   Running (Running) ut 5094 st 89 bss 19b3000 qpc 0 nl 0 nd 27 lpc f01e3e60 pri 27
4030267392:     <nil> pc f01006b3 dbgpc 89f02f68      Dead (Dead) ut 0 st 0 bss 0 qpc f0104103 nl 27 nd 8 lpc cf08c483 pri 8
lock 0xf0373638 loop key 0xdeaddead pc 0xf01045e0 held by pc 0x0 proc 4030267392
  0:      rill pc    a11bd dbgpc        0   Running (Running) ut 5094 st 89 bss 19b3000 qpc 0 nl 0 nd 27 lpc f01e3e60 pri 27
4030267392:     <nil> pc f01006b3 dbgpc 89f02f68      Dead (Dead) ut 0 st 0 bss 0 qpc f0104103 nl 27 nd 8 lpc cf08c483 pri 8
lock 0xf0373638 loop key 0xdeaddead pc 0xf01045e0 held by pc 0x0 proc 4030267392
  0:      rill pc    a11bd dbgpc        0   Running (Running) ut 5094 st 89 bss 19b3000 qpc 0 nl 0 nd 27 lpc f01e3e60 pri 27
4030267392:     <nil> pc f01006b3 dbgpc 89f02f68      Dead (Dead) ut 0 st 0 bss 0 qpc f0104103 nl 27 nd 8 lpc cf08c483 pri 8
lock 0xf0373638 loop key 0xdeaddead pc 0xf01045e0 held by pc 0x0 proc 4030267392
  0:      rill pc    a11bd dbgpc        0   Running (Running) ut 5094 st 89 bss 19b3000 qpc 0 nl 0 nd 27 lpc f01e3e60 pri 27
4030267392:     <nil> pc f01006b3 dbgpc 89f02f68      Dead (Dead) ut 0 st 0 bss 0 qpc f0104103 nl 27 nd 8 lpc cf08c483 pri 8
lock 0xf0373638 loop key 0xdeaddead pc 0xf01045e0 held by pc 0x0 proc 4030267392
  0:      rill pc    a11bd dbgpc        0   Running (Running) ut 5094 st 89 bss 19b3000 qpc 0 nl 0 nd 27 lpc f01e3e60 pri 27
4030267392:     <nil> pc f01006b3 dbgpc 89f02f68      Dead (Dead) ut 0 st 0 bss 0 qpc f0104103 nl 27 nd 8 lpc cf08c483 pri 8
lock 0xf0373638 loop key 0xdeaddead pc 0xf01045e0 held by pc 0x0 proc 4030267392
  0:      rill pc    a11bd dbgpc        0   Running (Running) ut 5094 st 89 bss 19b3000 qpc 0 nl 0 nd 27 lpc f01e3e60 pri 27
4030267392:     <nil> pc f01006b3 dbgpc 89f02f68      Dead (Dead) ut 0 st 0 bss 0 qpc f0104103 nl 27 nd 8 lpc cf08c483 pri 8
lock 0xf0373638 loop key 0xdeaddead pc 0xf01045e0 held by pc 0x0 proc 4030267392
  0:      rill pc    a11bd dbgpc        0   Running (Running) ut 5094 st 89 bss 19b3000 qpc 0 nl 0 nd 27 lpc f01e3e60 pri 27
4030267392:     <nil> pc f01006b3 dbgpc 89f02f68      Dead (Dead) ut 0 st 0 bss 0 qpc f0104103 nl 27 nd 8 lpc cf08c483 pri 8
lock 0xf0373638 loop key 0xdeaddead pc 0xf01045e0 held by pc 0x0 proc 4030267392
  0:      rill pc    a11bd dbgpc        0   Running (Running) ut 5094 st 89 bss 19b3000 qpc 0 nl 0 nd 27 lpc f01e3e60 pri 27
4030267392:     <nil> pc f01006b3 dbgpc 89f02f68      Dead (Dead) ut 0 st 0 bss 0 qpc f0104103 nl 27 nd 8 lpc cf08c483 pri 8
lock 0xf0373638 loop key 0xdeaddead pc 0xf01045e0 held by pc 0x0 proc 4030267392
  0:      rill pc    a11bd dbgpc        0   Running (Running) ut 5094 st 89 bss 19b3000 qpc 0 nl 0 nd 27 lpc f01e3e60 pri 27
4030267392:     <nil> pc f01006b3 dbgpc 89f02f68      Dead (Dead) ut 0 st 0 bss 0 qpc f0104103 nl 27 nd 8 lpc cf08c483 pri 8
lock 0xf0373638 loop key 0xdeaddead pc 0xf01045e0 held by pc 0x0 proc 4030267392
  0:      rill pc    a11bd dbgpc        0   Running (Running) ut 5094 st 89 bss 19b3000 qpc 0 nl 0 nd 27 lpc f01e3e60 pri 27
4030267392:     <nil> pc f01006b3 dbgpc 89f02f68      Dead (Dead) ut 0 st 0 bss 0 qpc f0104103 nl 27 nd 8 lpc cf08c483 pri 8
lock 0xf0373638 loop key 0xdeaddead pc 0xf01045e0 held by pc 0x0 proc 4030267392
  0:      rill pc    a11bd dbgpc        0   Running (Running) ut 5094 st 89 bss 19b3000 qpc 0 nl 0 nd 27 lpc f01e3e60 pri 27
4030267392:     <nil> pc f01006b3 dbgpc 89f02f68      Dead (Dead) ut 0 st 0 bss 0 qpc f0104103 nl 27 nd 8 lpc cf08c483 pri 8
lock 0xf0373638 loop key 0xdeaddead pc 0xf01045e0 held by pc 0x0 proc 4030267392
  0:      rill pc    a11bd dbgpc        0   Running (Running) ut 5094 st 89 bss 19b3000 qpc 0 nl 0 nd 27 lpc f01e3e60 pri 27
4030267392:     <nil> pc f01006b3 dbgpc 89f02f68      Dead (Dead) ut 0 st 0 bss 0 qpc f0104103 nl 27 nd 8 lpc cf08c483 pri 8
lock 0xf0373638 loop key 0xdeaddead pc 0xf01045e0 held by pc 0x0 proc 4030267392
  0:      rill pc    a11bd dbgpc        0   Running (Running) ut 5094 st 89 bss 19b3000 qpc 0 nl 0 nd 27 lpc f01e3e60 pri 27
4030267392:     <nil> pc f01006b3 dbgpc 89f02f68      Dead (Dead) ut 0 st 0 bss 0 qpc f0104103 nl 27 nd 8 lpc cf08c483 pri 8
lock 0xf0373638 loop key 0xdeaddead pc 0xf01045e0 held by pc 0x0 proc 4030267392
  0:      rill pc    a11bd dbgpc        0   Running (Running) ut 5094 st 89 bss 19b3000 qpc 0 nl 0 nd 27 lpc f01e3e60 pri 27
4030267392:     <nil> pc f01006b3 dbgpc 89f02f68      Dead (Dead) ut 0 st 0 bss 0 qpc f0104103 nl 27 nd 8 lpc cf08c483 pri 8
lock 0xf0373638 loop key 0xdeaddead pc 0xf01045e0 held by pc 0x0 proc 4030267392
  0:      rill pc    a11bd dbgpc        0   Running (Running) ut 5094 st 89 bss 19b3000 qpc 0 nl 0 nd 27 lpc f01e3e60 pri 27
4030267392:     <nil> pc f01006b3 dbgpc 89f02f68      Dead (Dead) ut 0 st 0 bss 0 qpc f0104103 nl 27 nd 8 lpc cf08c483 pri 8
lock 0xf0373638 loop key 0xdeaddead pc 0xf01045e0 held by pc 0x0 proc 4030267392
  0:      rill pc    a11bd dbgpc        0   Running (Running) ut 5094 st 89 bss 19b3000 qpc 0 nl 0 nd 27 lpc f01e3e60 pri 27
4030267392:     <nil> pc f01006b3 dbgpc 89f02f68      Dead (Dead) ut 0 st 0 bss 0 qpc f0104103 nl 27 nd 8 lpc cf08c483 pri 8
lock 0xf0373638 loop key 0xdeaddead pc 0xf01045e0 held by pc 0x0 proc 4030267392
  0:      rill pc    a11bd dbgpc        0   Running (Running) ut 5094 st 89 bss 19b3000 qpc 0 nl 0 nd 27 lpc f01e3e60 pri 27
4030267392:     <nil> pc f01006b3 dbgpc 89f02f68      Dead (Dead) ut 0 st 0 bss 0 qpc f0104103 nl 27 nd 8 lpc cf08c483 pri 8
lock 0xf0373638 loop key 0xdeaddead pc 0xf01045e0 held by pc 0x0 proc 4030267392
  0:      rill pc    a11bd dbgpc        0   Running (Running) ut 5094 st 89 bss 19b3000 qpc 0 nl 0 nd 27 lpc f01e3e60 pri 27
4030267392:     <nil> pc f01006b3 dbgpc 89f02f68      Dead (Dead) ut 0 st 0 bss 0 qpc f0104103 nl 27 nd 8 lpc cf08c483 pri 8
lock 0xf0373638 loop key 0xdeaddead pc 0xf01045e0 held by pc 0x0 proc 4030267392
  0:      rill pc    a11bd dbgpc        0   Running (Running) ut 5094 st 89 bss 19b3000 qpc 0 nl 0 nd 27 lpc f01e3e60 pri 27
4030267392:     <nil> pc f01006b3 dbgpc 89f02f68      Dead (Dead) ut 0 st 0 bss 0 qpc f0104103 nl 27 nd 8 lpc cf08c483 pri 8
lock 0xf0373638 loop key 0xdeaddead pc 0xf01045e0 held by pc 0x0 proc 4030267392
  0:      rill pc    a11bd dbgpc        0   Running (Running) ut 5094 st 89 bss 19b3000 qpc 0 nl 0 nd 27 lpc f01e3e60 pri 27
4030267392:     <nil> pc f01006b3 dbgpc 89f02f68      Dead (Dead) ut 0 st 0 bss 0 qpc f0104103 nl 27 nd 8 lpc cf08c483 pri 8
lock 0xf0373638 loop key 0xdeaddead pc 0xf01045e0 held by pc 0x0 proc 4030267392
  0:      rill pc    a11bd dbgpc        0   Running (Running) ut 5094 st 89 bss 19b3000 qpc 0 nl 0 nd 27 lpc f01e3e60 pri 27
4030267392:     <nil> pc f01006b3 dbgpc 89f02f68      Dead (Dead) ut 0 st 0 bss 0 qpc f0104103 nl 27 nd 8 lpc cf08c483 pri 8
lock 0xf0373638 loop key 0xdeaddead pc 0xf01045e0 held by pc 0x0 proc 4030267392
  0:      rill pc    a11bd dbgpc        0   Running (Running) ut 5094 st 89 bss 19b3000 qpc 0 nl 0 nd 27 lpc f01e3e60 pri 27
4030267392:     <nil> pc f01006b3 dbgpc 89f02f68      Dead (Dead) ut 0 st 0 bss 0 qpc f0104103 nl 27 nd 8 lpc cf08c483 pri 8
lock 0xf0373638 loop key 0xdeaddead pc 0xf01045e0 held by pc 0x0 proc 4030267392
  0:      rill pc    a11bd dbgpc        0   Running (Running) ut 5094 st 89 bss 19b3000 qpc 0 nl 0 nd 27 lpc f01e3e60 pri 27
4030267392:     <nil> pc f01006b3 dbgpc 89f02f68      Dead (Dead) ut 0 st 0 bss 0 qpc f0104103 nl 27 nd 8 lpc cf08c483 pri 8
lock 0xf0373638 loop key 0xdeaddead pc 0xf01045e0 held by pc 0x0 proc 4030267392
  0:      rill pc    a11bd dbgpc        0   Running (Running) ut 5094 st 89 bss 19b3000 qpc 0 nl 0 nd 27 lpc f01e3e60 pri 27
4030267392:     <nil> pc f01006b3 dbgpc 89f02f68      Dead (Dead) ut 0 st 0 bss 0 qpc f0104103 nl 27 nd 8 lpc cf08c483 pri 8
lock 0xf0373638 loop key 0xdeaddead pc 0xf01045e0 held by pc 0x0 proc 4030267392
  0:      rill pc    a11bd dbgpc        0   Running (Running) ut 5094 st 89 bss 19b3000 qpc 0 nl 0 nd 27 lpc f01e3e60 pri 27
4030267392:     <nil> pc f01006b3 dbgpc 89f02f68      Dead (Dead) ut 0 st 0 bss 0 qpc f0104103 nl 27 nd 8 lpc cf08c483 pri 8
lock 0xf0373638 loop key 0xdeaddead pc 0xf01045e0 held by pc 0x0 proc 4030267392
  0:      rill pc    a11bd dbgpc        0   Running (Running) ut 5094 st 89 bss 19b3000 qpc 0 nl 0 nd 27 lpc f01e3e60 pri 27
4030267392:     <nil> pc f01006b3 dbgpc 89f02f68      Dead (Dead) ut 0 st 0 bss 0 qpc f0104103 nl 27 nd 8 lpc cf08c483 pri 8
lock 0xf0373638 loop key 0xdeaddead pc 0xf01045e0 held by pc 0x0 proc 4030267392
  0:      rill pc    a11bd dbgpc        0   Running (Running) ut 5094 st 89 bss 19b3000 qpc 0 nl 0 nd 27 lpc f01e3e60 pri 27
4030267392:     <nil> pc f01006b3 dbgpc 89f02f68      Dead (Dead) ut 0 st 0 bss 0 qpc f0104103 nl 27 nd 8 lpc cf08c483 pri 8
lock 0xf0373638 loop key 0xdeaddead pc 0xf01045e0 held by pc 0x0 proc 4030267392
  0:      rill pc    a11bd dbgpc        0   Running (Running) ut 5094 st 89 bss 19b3000 qpc 0 nl 0 nd 27 lpc f01e3e60 pri 27
4030267392:     <nil> pc f01006b3 dbgpc 89f02f68      Dead (Dead) ut 0 st 0 bss 0 qpc f0104103 nl 27 nd 8 lpc cf08c483 pri 8
lock 0xf0373638 loop key 0xdeaddead pc 0xf01045e0 held by pc 0x0 proc 4030267392
  0:      rill pc    a11bd dbgpc        0   Running (Running) ut 5094 st 89 bss 19b3000 qpc 0 nl 0 nd 27 lpc f01e3e60 pri 27
4030267392:     <nil> pc f01006b3 dbgpc 89f02f68      Dead (Dead) ut 0 st 0 bss 0 qpc f0104103 nl 27 nd 8 lpc cf08c483 pri 8
lock 0xf0373638 loop key 0xdeaddead pc 0xf01045e0 held by pc 0x0 proc 4030267392
  0:      rill pc    a11bd dbgpc        0   Running (Running) ut 5094 st 89 bss 19b3000 qpc 0 nl 0 nd 27 lpc f01e3e60 pri 27
4030267392:     <nil> pc f01006b3 dbgpc 89f02f68      Dead (Dead) ut 0 st 0 bss 0 qpc f0104103 nl 27 nd 8 lpc cf08c483 pri 8
lock 0xf0373638 loop key 0xdeaddead pc 0xf01045e0 held by pc 0x0 proc 4030267392
  0:      rill pc    a11bd dbgpc        0   Running (Running) ut 5094 st 89 bss 19b3000 qpc 0 nl 0 nd 27 lpc f01e3e60 pri 27
4030267392:     <nil> pc f01006b3 dbgpc 89f02f68      Dead (Dead) ut 0 st 0 bss 0 qpc f0104103 nl 27 nd 8 lpc cf08c483 pri 8
lock 0xf0373638 loop key 0xdeaddead pc 0xf01045e0 held by pc 0x0 proc 4030267392
  0:      rill pc    a11bd dbgpc        0   Running (Running) ut 5094 st 89 bss 19b3000 qpc 0 nl 0 nd 27 lpc f01e3e60 pri 27
4030267392:     <nil> pc f01006b3 dbgpc 89f02f68      Dead (Dead) ut 0 st 0 bss 0 qpc f0104103 nl 27 nd 8 lpc cf08c483 pri 8
lock 0xf0373638 loop key 0xdeaddead pc 0xf01045e0 held by pc 0x0 proc 4030267392
  0:      rill pc    a11bd dbgpc        0   Running (Running) ut 5094 st 89 bss 19b3000 qpc 0 nl 0 nd 27 lpc f01e3e60 pri 27
4030267392:     <nil> pc f01006b3 dbgpc 89f02f68      Dead (Dead) ut 0 st 0 bss 0 qpc f0104103 nl 27 nd 8 lpc cf08c483 pri 8
lock 0xf0373638 loop key 0xdeaddead pc 0xf01045e0 held by pc 0x0 proc 4030267392
  0:      rill pc    a11bd dbgpc        0   Running (Running) ut 5094 st 89 bss 19b3000 qpc 0 nl 0 nd 27 lpc f01e3e60 pri 27
4030267392:     <nil> pc f01006b3 dbgpc 89f02f68      Dead (Dead) ut 0 st 0 bss 0 qpc f0104103 nl 27 nd 8 lpc cf08c483 pri 8
lock 0xf0373638 loop key 0xdeaddead pc 0xf01045e0 held by pc 0x0 proc 4030267392
  0:      rill pc    a11bd dbgpc        0   Running (Running) ut 5094 st 89 bss 19b3000 qpc 0 nl 0 nd 27 lpc f01e3e60 pri 27
4030267392:     <nil> pc f01006b3 dbgpc 89f02f68      Dead (Dead) ut 0 st 0 bss 0 qpc f0104103 nl 27 nd 8 lpc cf08c483 pri 8
lock 0xf0373638 loop key 0xdeaddead pc 0xf01045e0 held by pc 0x0 proc 4030267392
  0:      rill pc    a11bd dbgpc        0   Running (Running) ut 5094 st 89 bss 19b3000 qpc 0 nl 0 nd 27 lpc f01e3e60 pri 27
4030267392:     <nil> pc f01006b3 dbgpc 89f02f68      Dead (Dead) ut 0 st 0 bss 0 qpc f0104103 nl 27 nd 8 lpc cf08c483 pri 8
lock 0xf0373638 loop key 0xdeaddead pc 0xf01045e0 held by pc 0x0 proc 4030267392
  0:      rill pc    a11bd dbgpc        0   Running (Running) ut 5094 st 89 bss 19b3000 qpc 0 nl 0 nd 27 lpc f01e3e60 pri 27
4030267392:     <nil> pc f01006b3 dbgpc 89f02f68      Dead (Dead) ut 0 st 0 bss 0 qpc f0104103 nl 27 nd 8 lpc cf08c483 pri 8
lock 0xf0373638 loop key 0xdeaddead pc 0xf01045e0 held by pc 0x0 proc 4030267392
  0:      rill pc    a11bd dbgpc        0   Running (Running) ut 5094 st 89 bss 19b3000 qpc 0 nl 0 nd 27 lpc f01e3e60 pri 27
4030267392:     <nil> pc f01006b3 dbgpc 89f02f68      Dead (Dead) ut 0 st 0 bss 0 qpc f0104103 nl 27 nd 8 lpc cf08c483 pri 8
lock 0xf0373638 loop key 0xdeaddead pc 0xf01045e0 held by pc 0x0 proc 4030267392
  0:      rill pc    a11bd dbgpc        0   Running (Running) ut 5094 st 89 bss 19b3000 qpc 0 nl 0 nd 27 lpc f01e3e60 pri 27
4030267392:     <nil> pc f01006b3 dbgpc 89f02f68      Dead (Dead) ut 0 st 0 bss 0 qpc f0104103 nl 27 nd 8 lpc cf08c483 pri 8
lock 0xf0373638 loop key 0xdeaddead pc 0xf01045e0 held by pc 0x0 proc 4030267392
  0:      rill pc    a11bd dbgpc        0   Running (Running) ut 5094 st 89 bss 19b3000 qpc 0 nl 0 nd 27 lpc f01e3e60 pri 27
4030267392:     <nil> pc f01006b3 dbgpc 89f02f68      Dead (Dead) ut 0 st 0 bss 0 qpc f0104103 nl 27 nd 8 lpc cf08c483 pri 8
lock 0xf0373638 loop key 0xdeaddead pc 0xf01045e0 held by pc 0x0 proc 4030267392
  0:      rill pc    a11bd dbgpc        0   Running (Running) ut 5094 st 89 bss 19b3000 qpc 0 nl 0 nd 27 lpc f01e3e60 pri 27
4030267392:     <nil> pc f01006b3 dbgpc 89f02f68      Dead (Dead) ut 0 st 0 bss 0 qpc f0104103 nl 27 nd 8 lpc cf08c483 pri 8
lock 0xf0373638 loop key 0xdeaddead pc 0xf01045e0 held by pc 0x0 proc 4030267392
  0:      rill pc    a11bd dbgpc        0   Running (Running) ut 5094 st 89 bss 19b3000 qpc 0 nl 0 nd 27 lpc f01e3e60 pri 27
4030267392:     <nil> pc f01006b3 dbgpc 89f02f68      Dead (Dead) ut 0 st 0 bss 0 qpc f0104103 nl 27 nd 8 lpc cf08c483 pri 8
lock 0xf0373638 loop key 0xdeaddead pc 0xf01045e0 held by pc 0x0 proc 4030267392
  0:      rill pc    a11bd dbgpc        0   Running (Running) ut 5094 st 89 bss 19b3000 qpc 0 nl 0 nd 27 lpc f01e3e60 pri 27
4030267392:     <nil> pc f01006b3 dbgpc 89f02f68      Dead (Dead) ut 0 st 0 bss 0 qpc f0104103 nl 27 nd 8 lpc cf08c483 pri 8
lock 0xf0373638 loop key 0xdeaddead pc 0xf01045e0 held by pc 0x0 proc 4030267392
  0:      rill pc    a11bd dbgpc        0   Running (Running) ut 5094 st 89 bss 19b3000 qpc 0 nl 0 nd 27 lpc f01e3e60 pri 27
4030267392:     <nil> pc f01006b3 dbgpc 89f02f68      Dead (Dead) ut 0 st 0 bss 0 qpc f0104103 nl 27 nd 8 lpc cf08c483 pri 8
lock 0xf0373638 loop key 0xdeaddead pc 0xf01045e0 held by pc 0x0 proc 4030267392
  0:      rill pc    a11bd dbgpc        0   Running (Running) ut 5094 st 89 bss 19b3000 qpc 0 nl 0 nd 27 lpc f01e3e60 pri 27
4030267392:     <nil> pc f01006b3 dbgpc 89f02f68      Dead (Dead) ut 0 st 0 bss 0 qpc f0104103 nl 27 nd 8 lpc cf08c483 pri 8
lock 0xf0373638 loop key 0xdeaddead pc 0xf01045e0 held by pc 0x0 proc 4030267392
  0:      rill pc    a11bd dbgpc        0   Running (Running) ut 5094 st 89 bss 19b3000 qpc 0 nl 0 nd 27 lpc f01e3e60 pri 27
4030267392:     <nil> pc f01006b3 dbgpc 89f02f68      Dead (Dead) ut 0 st 0 bss 0 qpc f0104103 nl 27 nd 8 lpc cf08c483 pri 8
lock 0xf0373638 loop key 0xdeaddead pc 0xf01045e0 held by pc 0x0 proc 4030267392
  0:      rill pc    a11bd dbgpc        0   Running (Running) ut 5094 st 89 bss 19b3000 qpc 0 nl 0 nd 27 lpc f01e3e60 pri 27
4030267392:     <nil> pc f01006b3 dbgpc 89f02f68      Dead (Dead) ut 0 st 0 bss 0 qpc f0104103 nl 27 nd 8 lpc cf08c483 pri 8
lock 0xf0373638 loop key 0xdeaddead pc 0xf01045e0 held by pc 0x0 proc 4030267392
  0:      rill pc    a11bd dbgpc        0   Running (Running) ut 5094 st 89 bss 19b3000 qpc 0 nl 0 nd 27 lpc f01e3e60 pri 27
4030267392:     <nil> pc f01006b3 dbgpc 89f02f68      Dead (Dead) ut 0 st 0 bss 0 qpc f0104103 nl 27 nd 8 lpc cf08c483 pri 8
lock 0xf0373638 loop key 0xdeaddead pc 0xf01045e0 held by pc 0x0 proc 4030267392
  0:      rill pc    a11bd dbgpc        0   Running (Running) ut 5094 st 89 bss 19b3000 qpc 0 nl 0 nd 27 lpc f01e3e60 pri 27
4030267392:     <nil> pc f01006b3 dbgpc 89f02f68      Dead (Dead) ut 0 st 0 bss 0 qpc f0104103 nl 27 nd 8 lpc cf08c483 pri 8
lock 0xf0373638 loop key 0xdeaddead pc 0xf01045e0 held by pc 0x0 proc 4030267392
  0:      rill pc    a11bd dbgpc        0   Running (Running) ut 5094 st 89 bss 19b3000 qpc 0 nl 0 nd 27 lpc f01e3e60 pri 27
4030267392:     <nil> pc f01006b3 dbgpc 89f02f68      Dead (Dead) ut 0 st 0 bss 0 qpc f0104103 nl 27 nd 8 lpc cf08c483 pri 8
lock 0xf0373638 loop key 0xdeaddead pc 0xf01045e0 held by pc 0x0 proc 4030267392
  0:      rill pc    a11bd dbgpc        0   Running (Running) ut 5094 st 89 bss 19b3000 qpc 0 nl 0 nd 27 lpc f01e3e60 pri 27
4030267392:     <nil> pc f01006b3 dbgpc 89f02f68      Dead (Dead) ut 0 st 0 bss 0 qpc f0104103 nl 27 nd 8 lpc cf08c483 pri 8
lock 0xf0373638 loop key 0xdeaddead pc 0xf01045e0 held by pc 0x0 proc 4030267392
  0:      rill pc    a11bd dbgpc        0   Running (Running) ut 5094 st 89 bss 19b3000 qpc 0 nl 0 nd 27 lpc f01e3e60 pri 27
4030267392:     <nil> pc f01006b3 dbgpc 89f02f68      Dead (Dead) ut 0 st 0 bss 0 qpc f0104103 nl 27 nd 8 lpc cf08c483 pri 8
lock 0xf0373638 loop key 0xdeaddead pc 0xf01045e0 held by pc 0x0 proc 4030267392
  0:      rill pc    a11bd dbgpc        0   Running (Running) ut 5094 st 89 bss 19b3000 qpc 0 nl 0 nd 27 lpc f01e3e60 pri 27
4030267392:     <nil> pc f01006b3 dbgpc 89f02f68      Dead (Dead) ut 0 st 0 bss 0 qpc f0104103 nl 27 nd 8 lpc cf08c483 pri 8
lock 0xf0373638 loop key 0xdeaddead pc 0xf01045e0 held by pc 0x0 proc 4030267392
  0:      rill pc    a11bd dbgpc        0   Running (Running) ut 5094 st 89 bss 19b3000 qpc 0 nl 0 nd 27 lpc f01e3e60 pri 27
4030267392:     <nil> pc f01006b3 dbgpc 89f02f68      Dead (Dead) ut 0 st 0 bss 0 qpc f0104103 nl 27 nd 8 lpc cf08c483 pri 8
lock 0xf0373638 loop key 0xdeaddead pc 0xf01045e0 held by pc 0x0 proc 4030267392
  0:      rill pc    a11bd dbgpc        0   Running (Running) ut 5094 st 89 bss 19b3000 qpc 0 nl 0 nd 27 lpc f01e3e60 pri 27
4030267392:     <nil> pc f01006b3 dbgpc 89f02f68      Dead (Dead) ut 0 st 0 bss 0 qpc f0104103 nl 27 nd 8 lpc cf08c483 pri 8
lock 0xf0373638 loop key 0xdeaddead pc 0xf01045e0 held by pc 0x0 proc 4030267392
  0:      rill pc    a11bd dbgpc        0   Running (Running) ut 5094 st 89 bss 19b3000 qpc 0 nl 0 nd 27 lpc f01e3e60 pri 27
4030267392:     <nil> pc f01006b3 dbgpc 89f02f68      Dead (Dead) ut 0 st 0 bss 0 qpc f0104103 nl 27 nd 8 lpc cf08c483 pri 8
lock 0xf0373638 loop key 0xdeaddead pc 0xf01045e0 held by pc 0x0 proc 4030267392
  0:      rill pc    a11bd dbgpc        0   Running (Running) ut 5094 st 89 bss 19b3000 qpc 0 nl 0 nd 27 lpc f01e3e60 pri 27
4030267392:     <nil> pc f01006b3 dbgpc 89f02f68      Dead (Dead) ut 0 st 0 bss 0 qpc f0104103 nl 27 nd 8 lpc cf08c483 pri 8
lock 0xf0373638 loop key 0xdeaddead pc 0xf01045e0 held by pc 0x0 proc 4030267392
  0:      rill pc    a11bd dbgpc        0   Running (Running) ut 5094 st 89 bss 19b3000 qpc 0 nl 0 nd 27 lpc f01e3e60 pri 27
4030267392:     <nil> pc f01006b3 dbgpc 89f02f68      Dead (Dead) ut 0 st 0 bss 0 qpc f0104103 nl 27 nd 8 lpc cf08c483 pri 8
lock 0xf0373638 loop key 0xdeaddead pc 0xf01045e0 held by pc 0x0 proc 4030267392
  0:      rill pc    a11bd dbgpc        0   Running (Running) ut 5094 st 89 bss 19b3000 qpc 0 nl 0 nd 27 lpc f01e3e60 pri 27
4030267392:     <nil> pc f01006b3 dbgpc 89f02f68      Dead (Dead) ut 0 st 0 bss 0 qpc f0104103 nl 27 nd 8 lpc cf08c483 pri 8
lock 0xf0373638 loop key 0xdeaddead pc 0xf01045e0 held by pc 0x0 proc 4030267392
  0:      rill pc    a11bd dbgpc        0   Running (Running) ut 5094 st 89 bss 19b3000 qpc 0 nl 0 nd 27 lpc f01e3e60 pri 27
4030267392:     <nil> pc f01006b3 dbgpc 89f02f68      Dead (Dead) ut 0 st 0 bss 0 qpc f0104103 nl 27 nd 8 lpc cf08c483 pri 8
lock 0xf0373638 loop key 0xdeaddead pc 0xf01045e0 held by pc 0x0 proc 4030267392
  0:      rill pc    a11bd dbgpc        0   Running (Running) ut 5094 st 89 bss 19b3000 qpc 0 nl 0 nd 27 lpc f01e3e60 pri 27
4030267392:     <nil> pc f01006b3 dbgpc 89f02f68      Dead (Dead) ut 0 st 0 bss 0 qpc f0104103 nl 27 nd 8 lpc cf08c483 pri 8
lock 0xf0373638 loop key 0xdeaddead pc 0xf01045e0 held by pc 0x0 proc 4030267392
  0:      rill pc    a11bd dbgpc        0   Running (Running) ut 5094 st 89 bss 19b3000 qpc 0 nl 0 nd 27 lpc f01e3e60 pri 27
4030267392:     <nil> pc f01006b3 dbgpc 89f02f68      Dead (Dead) ut 0 st 0 bss 0 qpc f0104103 nl 27 nd 8 lpc cf08c483 pri 8
lock 0xf0373638 loop key 0xdeaddead pc 0xf01045e0 held by pc 0x0 proc 4030267392
  0:      rill pc    a11bd dbgpc        0   Running (Running) ut 5094 st 89 bss 19b3000 qpc 0 nl 0 nd 27 lpc f01e3e60 pri 27
4030267392:     <nil> pc f01006b3 dbgpc 89f02f68      Dead (Dead) ut 0 st 0 bss 0 qpc f0104103 nl 27 nd 8 lpc cf08c483 pri 8
lock 0xf0373638 loop key 0xdeaddead pc 0xf01045e0 held by pc 0x0 proc 4030267392
  0:      rill pc    a11bd dbgpc        0   Running (Running) ut 5094 st 89 bss 19b3000 qpc 0 nl 0 nd 27 lpc f01e3e60 pri 27
4030267392:     <nil> pc f01006b3 dbgpc 89f02f68      Dead (Dead) ut 0 st 0 bss 0 qpc f0104103 nl 27 nd 8 lpc cf08c483 pri 8
lock 0xf0373638 loop key 0xdeaddead pc 0xf01045e0 held by pc 0x0 proc 4030267392
  0:      rill pc    a11bd dbgpc        0   Running (Running) ut 5094 st 89 bss 19b3000 qpc 0 nl 0 nd 27 lpc f01e3e60 pri 27
4030267392:     <nil> pc f01006b3 dbgpc 89f02f68      Dead (Dead) ut 0 st 0 bss 0 qpc f0104103 nl 27 nd 8 lpc cf08c483 pri 8
lock 0xf0373638 loop key 0xdeaddead pc 0xf01045e0 held by pc 0x0 proc 4030267392
  0:      rill pc    a11bd dbgpc        0   Running (Running) ut 5094 st 89 bss 19b3000 qpc 0 nl 0 nd 27 lpc f01e3e60 pri 27
4030267392:     <nil> pc f01006b3 dbgpc 89f02f68      Dead (Dead) ut 0 st 0 bss 0 qpc f0104103 nl 27 nd 8 lpc cf08c483 pri 8
lock 0xf0373638 loop key 0xdeaddead pc 0xf01045e0 held by pc 0x0 proc 4030267392
  0:      rill pc    a11bd dbgpc        0   Running (Running) ut 5094 st 89 bss 19b3000 qpc 0 nl 0 nd 27 lpc f01e3e60 pri 27
4030267392:     <nil> pc f01006b3 dbgpc 89f02f68      Dead (Dead) ut 0 st 0 bss 0 qpc f0104103 nl 27 nd 8 lpc cf08c483 pri 8
lock 0xf0373638 loop key 0xdeaddead pc 0xf01045e0 held by pc 0x0 proc 4030267392
  0:      rill pc    a11bd dbgpc        0   Running (Running) ut 5094 st 89 bss 19b3000 qpc 0 nl 0 nd 27 lpc f01e3e60 pri 27
4030267392:     <nil> pc f01006b3 dbgpc 89f02f68      Dead (Dead) ut 0 st 0 bss 0 qpc f0104103 nl 27 nd 8 lpc cf08c483 pri 8
lock 0xf0373638 loop key 0xdeaddead pc 0xf01045e0 held by pc 0x0 proc 4030267392
  0:      rill pc    a11bd dbgpc        0   Running (Running) ut 5094 st 89 bss 19b3000 qpc 0 nl 0 nd 27 lpc f01e3e60 pri 27
4030267392:     <nil> pc f01006b3 dbgpc 89f02f68      Dead (Dead) ut 0 st 0 bss 0 qpc f0104103 nl 27 nd 8 lpc cf08c483 pri 8
lock 0xf0373638 loop key 0xdeaddead pc 0xf01045e0 held by pc 0x0 proc 4030267392
  0:      rill pc    a11bd dbgpc        0   Running (Running) ut 5094 st 89 bss 19b3000 qpc 0 nl 0 nd 27 lpc f01e3e60 pri 27
4030267392:     <nil> pc f01006b3 dbgpc 89f02f68      Dead (Dead) ut 0 st 0 bss 0 qpc f0104103 nl 27 nd 8 lpc cf08c483 pri 8
lock 0xf0373638 loop key 0xdeaddead pc 0xf01045e0 held by pc 0x0 proc 4030267392
  0:      rill pc    a11bd dbgpc        0   Running (Running) ut 5094 st 89 bss 19b3000 qpc 0 nl 0 nd 27 lpc f01e3e60 pri 27
4030267392:     <nil> pc f01006b3 dbgpc 89f02f68      Dead (Dead) ut 0 st 0 bss 0 qpc f0104103 nl 27 nd 8 lpc cf08c483 pri 8
lock 0xf0373638 loop key 0xdeaddead pc 0xf01045e0 held by pc 0x0 proc 4030267392
  0:      rill pc    a11bd dbgpc        0   Running (Running) ut 5094 st 89 bss 19b3000 qpc 0 nl 0 nd 27 lpc f01e3e60 pri 27
4030267392:     <nil> pc f01006b3 dbgpc 89f02f68      Dead (Dead) ut 0 st 0 bss 0 qpc f0104103 nl 27 nd 8 lpc cf08c483 pri 8
lock 0xf0373638 loop key 0xdeaddead pc 0xf01045e0 held by pc 0x0 proc 4030267392
  0:      rill pc    a11bd dbgpc        0   Running (Running) ut 5094 st 89 bss 19b3000 qpc 0 nl 0 nd 27 lpc f01e3e60 pri 27
4030267392:     <nil> pc f01006b3 dbgpc 89f02f68      Dead (Dead) ut 0 st 0 bss 0 qpc f0104103 nl 27 nd 8 lpc cf08c483 pri 8
lock 0xf0373638 loop key 0xdeaddead pc 0xf01045e0 held by pc 0x0 proc 4030267392
  0:      rill pc    a11bd dbgpc        0   Running (Running) ut 5094 st 89 bss 19b3000 qpc 0 nl 0 nd 27 lpc f01e3e60 pri 27
4030267392:     <nil> pc f01006b3 dbgpc 89f02f68      Dead (Dead) ut 0 st 0 bss 0 qpc f0104103 nl 27 nd 8 lpc cf08c483 pri 8
lock 0xf0373638 loop key 0xdeaddead pc 0xf01045e0 held by pc 0x0 proc 4030267392
  0:      rill pc    a11bd dbgpc        0   Running (Running) ut 5094 st 89 bss 19b3000 qpc 0 nl 0 nd 27 lpc f01e3e60 pri 27
4030267392:     <nil> pc f01006b3 dbgpc 89f02f68      Dead (Dead) ut 0 st 0 bss 0 qpc f0104103 nl 27 nd 8 lpc cf08c483 pri 8
lock 0xf0373638 loop key 0xdeaddead pc 0xf01045e0 held by pc 0x0 proc 4030267392
  0:      rill pc    a11bd dbgpc        0   Running (Running) ut 5094 st 89 bss 19b3000 qpc 0 nl 0 nd 27 lpc f01e3e60 pri 27
4030267392:     <nil> pc f01006b3 dbgpc 89f02f68      Dead (Dead) ut 0 st 0 bss 0 qpc f0104103 nl 27 nd 8 lpc cf08c483 pri 8
lock 0xf0373638 loop key 0xdeaddead pc 0xf01045e0 held by pc 0x0 proc 4030267392
  0:      rill pc    a11bd dbgpc        0   Running (Running) ut 5094 st 89 bss 19b3000 qpc 0 nl 0 nd 27 lpc f01e3e60 pri 27
4030267392:     <nil> pc f01006b3 dbgpc 89f02f68      Dead (Dead) ut 0 st 0 bss 0 qpc f0104103 nl 27 nd 8 lpc cf08c483 pri 8
lock 0xf0373638 loop key 0xdeaddead pc 0xf01045e0 held by pc 0x0 proc 4030267392
  0:      rill pc    a11bd dbgpc        0   Running (Running) ut 5094 st 89 bss 19b3000 qpc 0 nl 0 nd 27 lpc f01e3e60 pri 27
4030267392:     <nil> pc f01006b3 dbgpc 89f02f68      Dead (Dead) ut 0 st 0 bss 0 qpc f0104103 nl 27 nd 8 lpc cf08c483 pri 8
lock 0xf0373638 loop key 0xdeaddead pc 0xf01045e0 held by pc 0x0 proc 4030267392
  0:      rill pc    a11bd dbgpc        0   Running (Running) ut 5094 st 89 bss 19b3000 qpc 0 nl 0 nd 27 lpc f01e3e60 pri 27
4030267392:     <nil> pc f01006b3 dbgpc 89f02f68      Dead (Dead) ut 0 st 0 bss 0 qpc f0104103 nl 27 nd 8 lpc cf08c483 pri 8
lock 0xf0373638 loop key 0xdeaddead pc 0xf01045e0 held by pc 0x0 proc 4030267392
  0:      rill pc    a11bd dbgpc        0   Running (Running) ut 5094 st 89 bss 19b3000 qpc 0 nl 0 nd 27 lpc f01e3e60 pri 27
4030267392:     <nil> pc f01006b3 dbgpc 89f02f68      Dead (Dead) ut 0 st 0 bss 0 qpc f0104103 nl 27 nd 8 lpc cf08c483 pri 8
lock 0xf0373638 loop key 0xdeaddead pc 0xf01045e0 held by pc 0x0 proc 4030267392
  0:      rill pc    a11bd dbgpc        0   Running (Running) ut 5094 st 89 bss 19b3000 qpc 0 nl 0 nd 27 lpc f01e3e60 pri 27
4030267392:     <nil> pc f01006b3 dbgpc 89f02f68      Dead (Dead) ut 0 st 0 bss 0 qpc f0104103 nl 27 nd 8 lpc cf08c483 pri 8
lock 0xf0373638 loop key 0xdeaddead pc 0xf01045e0 held by pc 0x0 proc 4030267392
  0:      rill pc    a11bd dbgpc        0   Running (Running) ut 5094 st 89 bss 19b3000 qpc 0 nl 0 nd 27 lpc f01e3e60 pri 27
4030267392:     <nil> pc f01006b3 dbgpc 89f02f68      Dead (Dead) ut 0 st 0 bss 0 qpc f0104103 nl 27 nd 8 lpc cf08c483 pri 8
lock 0xf0373638 loop key 0xdeaddead pc 0xf01045e0 held by pc 0x0 proc 4030267392
  0:      rill pc    a11bd dbgpc        0   Running (Running) ut 5094 st 89 bss 19b3000 qpc 0 nl 0 nd 27 lpc f01e3e60 pri 27
4030267392:     <nil> pc f01006b3 dbgpc 89f02f68      Dead (Dead) ut 0 st 0 bss 0 qpc f0104103 nl 27 nd 8 lpc cf08c483 pri 8
lock 0xf0373638 loop key 0xdeaddead pc 0xf01045e0 held by pc 0x0 proc 4030267392
  0:      rill pc    a11bd dbgpc        0   Running (Running) ut 5094 st 89 bss 19b3000 qpc 0 nl 0 nd 27 lpc f01e3e60 pri 27
4030267392:     <nil> pc f01006b3 dbgpc 89f02f68      Dead (Dead) ut 0 st 0 bss 0 qpc f0104103 nl 27 nd 8 lpc cf08c483 pri 8
lock 0xf0373638 loop key 0xdeaddead pc 0xf01045e0 held by pc 0x0 proc 4030267392
  0:      rill pc    a11bd dbgpc        0   Running (Running) ut 5094 st 89 bss 19b3000 qpc 0 nl 0 nd 27 lpc f01e3e60 pri 27
4030267392:     <nil> pc f01006b3 dbgpc 89f02f68      Dead (Dead) ut 0 st 0 bss 0 qpc f0104103 nl 27 nd 8 lpc cf08c483 pri 8
lock 0xf0373638 loop key 0xdeaddead pc 0xf01045e0 held by pc 0x0 proc 4030267392
  0:      rill pc    a11bd dbgpc        0   Running (Running) ut 5094 st 89 bss 19b3000 qpc 0 nl 0 nd 27 lpc f01e3e60 pri 27
4030267392:     <nil> pc f01006b3 dbgpc 89f02f68      Dead (Dead) ut 0 st 0 bss 0 qpc f0104103 nl 27 nd 8 lpc cf08c483 pri 8
lock 0xf0373638 loop key 0xdeaddead pc 0xf01045e0 held by pc 0x0 proc 4030267392
  0:      rill pc    a11bd dbgpc        0   Running (Running) ut 5094 st 89 bss 19b3000 qpc 0 nl 0 nd 27 lpc f01e3e60 pri 27
4030267392:     <nil> pc f01006b3 dbgpc 89f02f68      Dead (Dead) ut 0 st 0 bss 0 qpc f0104103 nl 27 nd 8 lpc cf08c483 pri 8
lock 0xf0373638 loop key 0xdeaddead pc 0xf01045e0 held by pc 0x0 proc 4030267392
  0:      rill pc    a11bd dbgpc        0   Running (Running) ut 5094 st 89 bss 19b3000 qpc 0 nl 0 nd 27 lpc f01e3e60 pri 27
4030267392:     <nil> pc f01006b3 dbgpc 89f02f68      Dead (Dead) ut 0 st 0 bss 0 qpc f0104103 nl 27 nd 8 lpc cf08c483 pri 8
lock 0xf0373638 loop key 0xdeaddead pc 0xf01045e0 held by pc 0x0 proc 4030267392
  0:      rill pc    a11bd dbgpc        0   Running (Running) ut 5094 st 89 bss 19b3000 qpc 0 nl 0 nd 27 lpc f01e3e60 pri 27
4030267392:     <nil> pc f01006b3 dbgpc 89f02f68      Dead (Dead) ut 0 st 0 bss 0 qpc f0104103 nl 27 nd 8 lpc cf08c483 pri 8
lock 0xf0373638 loop key 0xdeaddead pc 0xf01045e0 held by pc 0x0 proc 4030267392
  0:      rill pc    a11bd dbgpc        0   Running (Running) ut 5094 st 89 bss 19b3000 qpc 0 nl 0 nd 27 lpc f01e3e60 pri 27
4030267392:     <nil> pc f01006b3 dbgpc 89f02f68      Dead (Dead) ut 0 st 0 bss 0 qpc f0104103 nl 27 nd 8 lpc cf08c483 pri 8
lock 0xf0373638 loop key 0xdeaddead pc 0xf01045e0 held by pc 0x0 proc 4030267392
  0:      rill pc    a11bd dbgpc        0   Running (Running) ut 5094 st 89 bss 19b3000 qpc 0 nl 0 nd 27 lpc f01e3e60 pri 27
4030267392:     <nil> pc f01006b3 dbgpc 89f02f68      Dead (Dead) ut 0 st 0 bss 0 qpc f0104103 nl 27 nd 8 lpc cf08c483 pri 8
lock 0xf0373638 loop key 0xdeaddead pc 0xf01045e0 held by pc 0x0 proc 4030267392
  0:      rill pc    a11bd dbgpc        0   Running (Running) ut 5094 st 89 bss 19b3000 qpc 0 nl 0 nd 27 lpc f01e3e60 pri 27
4030267392:     <nil> pc f01006b3 dbgpc 89f02f68      Dead (Dead) ut 0 st 0 bss 0 qpc f0104103 nl 27 nd 8 lpc cf08c483 pri 8
lock 0xf0373638 loop key 0xdeaddead pc 0xf01045e0 held by pc 0x0 proc 4030267392
  0:      rill pc    a11bd dbgpc        0   Running (Running) ut 5094 st 89 bss 19b3000 qpc 0 nl 0 nd 27 lpc f01e3e60 pri 27
4030267392:     <nil> pc f01006b3 dbgpc 89f02f68      Dead (Dead) ut 0 st 0 bss 0 qpc f0104103 nl 27 nd 8 lpc cf08c483 pri 8
lock 0xf0373638 loop key 0xdeaddead pc 0xf01045e0 held by pc 0x0 proc 4030267392
  0:      rill pc    a11bd dbgpc        0   Running (Running) ut 5094 st 89 bss 19b3000 qpc 0 nl 0 nd 27 lpc f01e3e60 pri 27
4030267392:     <nil> pc f01006b3 dbgpc 89f02f68      Dead (Dead) ut 0 st 0 bss 0 qpc f0104103 nl 27 nd 8 lpc cf08c483 pri 8
lock 0xf0373638 loop key 0xdeaddead pc 0xf01045e0 held by pc 0x0 proc 4030267392
  0:      rill pc    a11bd dbgpc        0   Running (Running) ut 5094 st 89 bss 19b3000 qpc 0 nl 0 nd 27 lpc f01e3e60 pri 27
4030267392:     <nil> pc f01006b3 dbgpc 89f02f68      Dead (Dead) ut 0 st 0 bss 0 qpc f0104103 nl 27 nd 8 lpc cf08c483 pri 8
lock 0xf0373638 loop key 0xdeaddead pc 0xf01045e0 held by pc 0x0 proc 4030267392
  0:      rill pc    a11bd dbgpc        0   Running (Running) ut 5094 st 89 bss 19b3000 qpc 0 nl 0 nd 27 lpc f01e3e60 pri 27
4030267392:     <nil> pc f01006b3 dbgpc 89f02f68      Dead (Dead) ut 0 st 0 bss 0 qpc f0104103 nl 27 nd 8 lpc cf08c483 pri 8
lock 0xf0373638 loop key 0xdeaddead pc 0xf01045e0 held by pc 0x0 proc 4030267392
  0:      rill pc    a11bd dbgpc        0   Running (Running) ut 5094 st 89 bss 19b3000 qpc 0 nl 0 nd 27 lpc f01e3e60 pri 27
4030267392:     <nil> pc f01006b3 dbgpc 89f02f68      Dead (Dead) ut 0 st 0 bss 0 qpc f0104103 nl 27 nd 8 lpc cf08c483 pri 8
lock 0xf0373638 loop key 0xdeaddead pc 0xf01045e0 held by pc 0x0 proc 4030267392
  0:      rill pc    a11bd dbgpc        0   Running (Running) ut 5094 st 89 bss 19b3000 qpc 0 nl 0 nd 27 lpc f01e3e60 pri 27
4030267392:     <nil> pc f01006b3 dbgpc 89f02f68      Dead (Dead) ut 0 st 0 bss 0 qpc f0104103 nl 27 nd 8 lpc cf08c483 pri 8
lock 0xf0373638 loop key 0xdeaddead pc 0xf01045e0 held by pc 0x0 proc 4030267392
  0:      rill pc    a11bd dbgpc        0   Running (Running) ut 5094 st 89 bss 19b3000 qpc 0 nl 0 nd 27 lpc f01e3e60 pri 27
4030267392:     <nil> pc f01006b3 dbgpc 89f02f68      Dead (Dead) ut 0 st 0 bss 0 qpc f0104103 nl 27 nd 8 lpc cf08c483 pri 8
lock 0xf0373638 loop key 0xdeaddead pc 0xf01045e0 held by pc 0x0 proc 4030267392
  0:      rill pc    a11bd dbgpc        0   Running (Running) ut 5094 st 89 bss 19b3000 qpc 0 nl 0 nd 27 lpc f01e3e60 pri 27
4030267392:     <nil> pc f01006b3 dbgpc 89f02f68      Dead (Dead) ut 0 st 0 bss 0 qpc f0104103 nl 27 nd 8 lpc cf08c483 pri 8
lock 0xf0373638 loop key 0xdeaddead pc 0xf01045e0 held by pc 0x0 proc 4030267392
  0:      rill pc    a11bd dbgpc        0   Running (Running) ut 5094 st 89 bss 19b3000 qpc 0 nl 0 nd 27 lpc f01e3e60 pri 27
4030267392:     <nil> pc f01006b3 dbgpc 89f02f68      Dead (Dead) ut 0 st 0 bss 0 qpc f0104103 nl 27 nd 8 lpc cf08c483 pri 8
lock 0xf0373638 loop key 0xdeaddead pc 0xf01045e0 held by pc 0x0 proc 4030267392
  0:      rill pc    a11bd dbgpc        0   Running (Running) ut 5094 st 89 bss 19b3000 qpc 0 nl 0 nd 27 lpc f01e3e60 pri 27
4030267392:     <nil> pc f01006b3 dbgpc 89f02f68      Dead (Dead) ut 0 st 0 bss 0 qpc f0104103 nl 27 nd 8 lpc cf08c483 pri 8
lock 0xf0373638 loop key 0xdeaddead pc 0xf01045e0 held by pc 0x0 proc 4030267392
  0:      rill pc    a11bd dbgpc        0   Running (Running) ut 5094 st 89 bss 19b3000 qpc 0 nl 0 nd 27 lpc f01e3e60 pri 27
4030267392:     <nil> pc f01006b3 dbgpc 89f02f68      Dead (Dead) ut 0 st 0 bss 0 qpc f0104103 nl 27 nd 8 lpc cf08c483 pri 8
lock 0xf0373638 loop key 0xdeaddead pc 0xf01045e0 held by pc 0x0 proc 4030267392
  0:      rill pc    a11bd dbgpc        0   Running (Running) ut 5094 st 89 bss 19b3000 qpc 0 nl 0 nd 27 lpc f01e3e60 pri 27
4030267392:     <nil> pc f01006b3 dbgpc 89f02f68      Dead (Dead) ut 0 st 0 bss 0 qpc f0104103 nl 27 nd 8 lpc cf08c483 pri 8
lock 0xf0373638 loop key 0xdeaddead pc 0xf01045e0 held by pc 0x0 proc 4030267392
  0:      rill pc    a11bd dbgpc        0   Running (Running) ut 5094 st 89 bss 19b3000 qpc 0 nl 0 nd 27 lpc f01e3e60 pri 27
4030267392:     <nil> pc f01006b3 dbgpc 89f02f68      Dead (Dead) ut 0 st 0 bss 0 qpc f0104103 nl 27 nd 8 lpc cf08c483 pri 8
lock 0xf0373638 loop key 0xdeaddead pc 0xf01045e0 held by pc 0x0 proc 4030267392
  0:      rill pc    a11bd dbgpc        0   Running (Running) ut 5094 st 89 bss 19b3000 qpc 0 nl 0 nd 27 lpc f01e3e60 pri 27
4030267392:     <nil> pc f01006b3 dbgpc 89f02f68      Dead (Dead) ut 0 st 0 bss 0 qpc f0104103 nl 27 nd 8 lpc cf08c483 pri 8
lock 0xf0373638 loop key 0xdeaddead pc 0xf01045e0 held by pc 0x0 proc 4030267392
  0:      rill pc    a11bd dbgpc        0   Running (Running) ut 5094 st 89 bss 19b3000 qpc 0 nl 0 nd 27 lpc f01e3e60 pri 27
4030267392:     <nil> pc f01006b3 dbgpc 89f02f68      Dead (Dead) ut 0 st 0 bss 0 qpc f0104103 nl 27 nd 8 lpc cf08c483 pri 8
lock 0xf0373638 loop key 0xdeaddead pc 0xf01045e0 held by pc 0x0 proc 4030267392
  0:      rill pc    a11bd dbgpc        0   Running (Running) ut 5094 st 89 bss 19b3000 qpc 0 nl 0 nd 27 lpc f01e3e60 pri 27
4030267392:     <nil> pc f01006b3 dbgpc 89f02f68      Dead (Dead) ut 0 st 0 bss 0 qpc f0104103 nl 27 nd 8 lpc cf08c483 pri 8
lock 0xf0373638 loop key 0xdeaddead pc 0xf01045e0 held by pc 0x0 proc 4030267392
  0:      rill pc    a11bd dbgpc        0   Running (Running) ut 5094 st 89 bss 19b3000 qpc 0 nl 0 nd 27 lpc f01e3e60 pri 27
4030267392:     <nil> pc f01006b3 dbgpc 89f02f68      Dead (Dead) ut 0 st 0 bss 0 qpc f0104103 nl 27 nd 8 lpc cf08c483 pri 8
lock 0xf0373638 loop key 0xdeaddead pc 0xf01045e0 held by pc 0x0 proc 4030267392
  0:      rill pc    a11bd dbgpc        0   Running (Running) ut 5094 st 89 bss 19b3000 qpc 0 nl 0 nd 27 lpc f01e3e60 pri 27
4030267392:     <nil> pc f01006b3 dbgpc 89f02f68      Dead (Dead) ut 0 st 0 bss 0 qpc f0104103 nl 27 nd 8 lpc cf08c483 pri 8
