pcirouting: BIOS workaround: PCI.0.1.3 at pin 1 link 96 irq 10 -> 9
 
TaijiOS PXE boot loader              

cpu0:  4302MHz AuthenticAMD AMD-K8 (cpuid: AX 0x60FB1 DX 0x78BFBFD)
ELCR: 0C00
intrenable: nil handler for 11, tbdf 0XC001800 for ether0
#l0: virtio: 1Gbps port 0xC000 irq 11: 525400123458
497M memory: 497M kernel data, 0M user, 18M swap
pxe on ether0 .
(10.0.2.2!69): /cfg/pxe/525400123458 .T... read 245 bytes
(10.0.2.2!69): /386/9pc .. 1127029+1075728+441552=2644309
entry: 0xf0100020

Plan 9
E820: 00000000 0009fc00 memory
E820: 0009fc00 000a0000 reserved
E820: 000f0000 00100000 reserved
E820: 00100000 3ffe0000 memory
E820: 3ffe0000 40000000 reserved
E820: fffc0000 100000000 reserved
E820: fd00000000 10000000000 reserved
cpu0:  4303MHz AuthenticAMD AMD-K8 (cpuid: AX 0x60FB1 DX 0x78BFBFD)
ELCR: 0C00
intrenable: nil handler for 11, tbdf 0xC001800 for ether0
#l0: virtio: 1Gbps port 0xC000 irq 11: 525400123458
1024M memory: 256M kernel data, 767M user, 1392M swap
lapicnmienable: no lapic
version...time...

init: starting /bin/rc
q9: using installed desktop tools
q9: gui ready
